This file contains any messages produced by compilers while
running configure, to aid debugging if configure makes a mistake.

It was created by Extreme Tux Racer configure 0.8.4, which was
generated by GNU Autoconf 2.71.  Invocation command line was

  $ ./configure --no-create --no-recursion

## --------- ##
## Platform. ##
## --------- ##

hostname = linuxboi
uname -m = x86_64
uname -r = 6.8.0-94-generic
uname -s = Linux
uname -v = #96-Ubuntu SMP PREEMPT_DYNAMIC Fri Jan  9 20:36:55 UTC 2026

/usr/bin/uname -p = x86_64
/bin/uname -X     = unknown

/bin/arch              = x86_64
/usr/bin/arch -k       = unknown
/usr/convex/getsysinfo = unknown
/usr/bin/hostinfo      = unknown
/bin/machine           = unknown
/usr/bin/oslevel       = unknown
/bin/universe          = unknown

PATH: /home/thomas/.local/bin/
PATH: /home/thomas/.mimocode/bin/
PATH: /home/thomas/.bun/bin/
PATH: /usr/local/cuda/bin/
PATH: /opt/devkitpro/tools/bin/
PATH: /home/thomas/.local/share/../bin/
PATH: /home/thomas/.cargo/bin/
PATH: /home/thomas/.local/bin/
PATH: /opt/devkitpro/tools/bin/
PATH: /usr/local/sbin/
PATH: /usr/local/bin/
PATH: /usr/sbin/
PATH: /usr/bin/
PATH: /sbin/
PATH: /bin/
PATH: /usr/games/
PATH: /usr/local/games/
PATH: /snap/bin/
PATH: /usr/local/ps3dev/bin/
PATH: /usr/local/ps3dev/ppu/bin/
PATH: /usr/local/ps3dev/spu/bin/


## ----------- ##
## Core tests. ##
## ----------- ##

configure:2733: looking for aux files: compile config.guess config.sub missing install-sh
configure:2746:  trying ./
configure:2775:   ./compile found
configure:2775:   ./config.guess found
configure:2775:   ./config.sub found
configure:2775:   ./missing found
configure:2757:   ./install-sh found
configure:2909: checking for a BSD-compatible install
configure:2982: result: /usr/bin/install -c
configure:2993: checking whether build environment is sane
configure:3048: result: yes
configure:3207: checking for a race-free mkdir -p
configure:3251: result: /usr/bin/mkdir -p
configure:3258: checking for gawk
configure:3279: found /usr/bin/gawk
configure:3290: result: gawk
configure:3301: checking whether make sets $(MAKE)
configure:3324: result: yes
configure:3354: checking whether make supports nested variables
configure:3372: result: yes
configure:3521: checking whether make supports nested variables
configure:3539: result: yes
configure:3557: checking build system type
configure:3572: result: x86_64-pc-linux-gnu
configure:3592: checking host system type
configure:3606: result: x86_64-pc-linux-gnu
configure:3697: checking for g++
configure:3718: found /usr/bin/g++
configure:3729: result: g++
configure:3756: checking for C++ compiler version
configure:3765: g++ --version >&5
g++ (Ubuntu 13.3.0-6ubuntu2~24.04.1) 13.3.0
Copyright (C) 2023 Free Software Foundation, Inc.
This is free software; see the source for copying conditions.  There is NO
warranty; not even for MERCHANTABILITY or FITNESS FOR A PARTICULAR PURPOSE.

configure:3776: $? = 0
configure:3765: g++ -v >&5
Using built-in specs.
COLLECT_GCC=g++
COLLECT_LTO_WRAPPER=/usr/libexec/gcc/x86_64-linux-gnu/13/lto-wrapper
OFFLOAD_TARGET_NAMES=nvptx-none:amdgcn-amdhsa
OFFLOAD_TARGET_DEFAULT=1
Target: x86_64-linux-gnu
Configured with: ../src/configure -v --with-pkgversion='Ubuntu 13.3.0-6ubuntu2~24.04.1' --with-bugurl=file:///usr/share/doc/gcc-13/README.Bugs --enable-languages=c,ada,c++,go,d,fortran,objc,obj-c++,m2 --prefix=/usr --with-gcc-major-version-only --program-suffix=-13 --program-prefix=x86_64-linux-gnu- --enable-shared --enable-linker-build-id --libexecdir=/usr/libexec --without-included-gettext --enable-threads=posix --libdir=/usr/lib --enable-nls --enable-bootstrap --enable-clocale=gnu --enable-libstdcxx-debug --enable-libstdcxx-time=yes --with-default-libstdcxx-abi=new --enable-libstdcxx-backtrace --enable-gnu-unique-object --disable-vtable-verify --enable-plugin --enable-default-pie --with-system-zlib --enable-libphobos-checking=release --with-target-system-zlib=auto --enable-objc-gc=auto --enable-multiarch --disable-werror --enable-cet --with-arch-32=i686 --with-abi=m64 --with-multilib-list=m32,m64,mx32 --enable-multilib --with-tune=generic --enable-offload-targets=nvptx-none=/build/gcc-13-EldibY/gcc-13-13.3.0/debian/tmp-nvptx/usr,amdgcn-amdhsa=/build/gcc-13-EldibY/gcc-13-13.3.0/debian/tmp-gcn/usr --enable-offload-defaulted --without-cuda-driver --enable-checking=release --build=x86_64-linux-gnu --host=x86_64-linux-gnu --target=x86_64-linux-gnu --with-build-config=bootstrap-lto-lean --enable-link-serialization=2
Thread model: posix
Supported LTO compression algorithms: zlib zstd
gcc version 13.3.0 (Ubuntu 13.3.0-6ubuntu2~24.04.1) 
... rest of stderr output deleted ...
configure:3776: $? = 0
configure:3765: g++ -V >&5
g++: error: unrecognized command-line option '-V'
g++: fatal error: no input files
compilation terminated.
configure:3776: $? = 1
configure:3765: g++ -qversion >&5
g++: error: unrecognized command-line option '-qversion'; did you mean '--version'?
g++: fatal error: no input files
compilation terminated.
configure:3776: $? = 1
configure:3796: checking whether the C++ compiler works
configure:3818: g++    conftest.cpp  >&5
configure:3822: $? = 0
configure:3872: result: yes
configure:3875: checking for C++ compiler default output file name
configure:3877: result: a.out
configure:3883: checking for suffix of executables
configure:3890: g++ -o conftest    conftest.cpp  >&5
configure:3894: $? = 0
configure:3917: result: 
configure:3939: checking whether we are cross compiling
configure:3947: g++ -o conftest    conftest.cpp  >&5
configure:3951: $? = 0
configure:3958: ./conftest
configure:3962: $? = 0
configure:3977: result: no
configure:3982: checking for suffix of object files
configure:4005: g++ -c   conftest.cpp >&5
configure:4009: $? = 0
configure:4031: result: o
configure:4035: checking whether the compiler supports GNU C++
configure:4055: g++ -c   conftest.cpp >&5
configure:4055: $? = 0
configure:4065: result: yes
configure:4076: checking whether g++ accepts -g
configure:4097: g++ -c -g  conftest.cpp >&5
configure:4097: $? = 0
configure:4141: result: yes
configure:4161: checking for g++ option to enable C++11 features
configure:4176: g++  -c -g -O2  conftest.cpp >&5
conftest.cpp: In function 'int main(int, char**)':
conftest.cpp:177:25: warning: empty parentheses were disambiguated as a function declaration [-Wvexing-parse]
  177 |   cxx11test::delegate d2();
      |                         ^~
conftest.cpp:177:25: note: remove parentheses to default-initialize a variable
  177 |   cxx11test::delegate d2();
      |                         ^~
      |                         --
conftest.cpp:177:25: note: or replace parentheses with braces to value-initialize a variable
configure:4176: $? = 0
configure:4194: result: none needed
configure:4261: checking whether make supports the include directive
configure:4276: make -f confmf.GNU && cat confinc.out
this is the am__doit target
configure:4279: $? = 0
configure:4298: result: yes (GNU style)
configure:4324: checking dependency style of g++
configure:4436: result: gcc3
configure:4513: checking for gcc
configure:4534: found /usr/bin/gcc
configure:4545: result: gcc
configure:4898: checking for C compiler version
configure:4907: gcc --version >&5
gcc (Ubuntu 13.3.0-6ubuntu2~24.04.1) 13.3.0
Copyright (C) 2023 Free Software Foundation, Inc.
This is free software; see the source for copying conditions.  There is NO
warranty; not even for MERCHANTABILITY or FITNESS FOR A PARTICULAR PURPOSE.

configure:4918: $? = 0
configure:4907: gcc -v >&5
Using built-in specs.
COLLECT_GCC=gcc
COLLECT_LTO_WRAPPER=/usr/libexec/gcc/x86_64-linux-gnu/13/lto-wrapper
OFFLOAD_TARGET_NAMES=nvptx-none:amdgcn-amdhsa
OFFLOAD_TARGET_DEFAULT=1
Target: x86_64-linux-gnu
Configured with: ../src/configure -v --with-pkgversion='Ubuntu 13.3.0-6ubuntu2~24.04.1' --with-bugurl=file:///usr/share/doc/gcc-13/README.Bugs --enable-languages=c,ada,c++,go,d,fortran,objc,obj-c++,m2 --prefix=/usr --with-gcc-major-version-only --program-suffix=-13 --program-prefix=x86_64-linux-gnu- --enable-shared --enable-linker-build-id --libexecdir=/usr/libexec --without-included-gettext --enable-threads=posix --libdir=/usr/lib --enable-nls --enable-bootstrap --enable-clocale=gnu --enable-libstdcxx-debug --enable-libstdcxx-time=yes --with-default-libstdcxx-abi=new --enable-libstdcxx-backtrace --enable-gnu-unique-object --disable-vtable-verify --enable-plugin --enable-default-pie --with-system-zlib --enable-libphobos-checking=release --with-target-system-zlib=auto --enable-objc-gc=auto --enable-multiarch --disable-werror --enable-cet --with-arch-32=i686 --with-abi=m64 --with-multilib-list=m32,m64,mx32 --enable-multilib --with-tune=generic --enable-offload-targets=nvptx-none=/build/gcc-13-EldibY/gcc-13-13.3.0/debian/tmp-nvptx/usr,amdgcn-amdhsa=/build/gcc-13-EldibY/gcc-13-13.3.0/debian/tmp-gcn/usr --enable-offload-defaulted --without-cuda-driver --enable-checking=release --build=x86_64-linux-gnu --host=x86_64-linux-gnu --target=x86_64-linux-gnu --with-build-config=bootstrap-lto-lean --enable-link-serialization=2
Thread model: posix
Supported LTO compression algorithms: zlib zstd
gcc version 13.3.0 (Ubuntu 13.3.0-6ubuntu2~24.04.1) 
... rest of stderr output deleted ...
configure:4918: $? = 0
configure:4907: gcc -V >&5
gcc: error: unrecognized command-line option '-V'
gcc: fatal error: no input files
compilation terminated.
configure:4918: $? = 1
configure:4907: gcc -qversion >&5
gcc: error: unrecognized command-line option '-qversion'; did you mean '--version'?
gcc: fatal error: no input files
compilation terminated.
configure:4918: $? = 1
configure:4907: gcc -version >&5
gcc: error: unrecognized command-line option '-version'
gcc: fatal error: no input files
compilation terminated.
configure:4918: $? = 1
configure:4922: checking whether the compiler supports GNU C
configure:4942: gcc -c   conftest.c >&5
configure:4942: $? = 0
configure:4952: result: yes
configure:4963: checking whether gcc accepts -g
configure:4984: gcc -c -g  conftest.c >&5
configure:4984: $? = 0
configure:5028: result: yes
configure:5048: checking for gcc option to enable C11 features
configure:5063: gcc  -c -g -O2  conftest.c >&5
configure:5063: $? = 0
configure:5081: result: none needed
configure:5197: checking whether gcc understands -c and -o together
configure:5220: gcc -c conftest.c -o conftest2.o
configure:5223: $? = 0
configure:5220: gcc -c conftest.c -o conftest2.o
configure:5223: $? = 0
configure:5235: result: yes
configure:5254: checking dependency style of gcc
configure:5366: result: gcc3
configure:5391: checking for special C compiler options needed for large files
configure:5439: result: no
configure:5445: checking for _FILE_OFFSET_BITS value needed for large files
configure:5471: gcc -c -g -O2  conftest.c >&5
configure:5471: $? = 0
configure:5505: result: no
configure:5597: checking for stdio.h
configure:5597: gcc -c -g -O2  conftest.c >&5
configure:5597: $? = 0
configure:5597: result: yes
configure:5597: checking for stdlib.h
configure:5597: gcc -c -g -O2  conftest.c >&5
configure:5597: $? = 0
configure:5597: result: yes
configure:5597: checking for string.h
configure:5597: gcc -c -g -O2  conftest.c >&5
configure:5597: $? = 0
configure:5597: result: yes
configure:5597: checking for inttypes.h
configure:5597: gcc -c -g -O2  conftest.c >&5
configure:5597: $? = 0
configure:5597: result: yes
configure:5597: checking for stdint.h
configure:5597: gcc -c -g -O2  conftest.c >&5
configure:5597: $? = 0
configure:5597: result: yes
configure:5597: checking for strings.h
configure:5597: gcc -c -g -O2  conftest.c >&5
configure:5597: $? = 0
configure:5597: result: yes
configure:5597: checking for sys/stat.h
configure:5597: gcc -c -g -O2  conftest.c >&5
configure:5597: $? = 0
configure:5597: result: yes
configure:5597: checking for sys/types.h
configure:5597: gcc -c -g -O2  conftest.c >&5
configure:5597: $? = 0
configure:5597: result: yes
configure:5597: checking for unistd.h
configure:5597: gcc -c -g -O2  conftest.c >&5
configure:5597: $? = 0
configure:5597: result: yes
configure:5622: checking for float.h
configure:5622: gcc -c -g -O2  conftest.c >&5
configure:5622: $? = 0
configure:5622: result: yes
configure:5628: checking for limits.h
configure:5628: gcc -c -g -O2  conftest.c >&5
configure:5628: $? = 0
configure:5628: result: yes
configure:5634: checking for stdlib.h
configure:5634: result: yes
configure:5640: checking for string.h
configure:5640: result: yes
configure:5646: checking for sys/time.h
configure:5646: gcc -c -g -O2  conftest.c >&5
configure:5646: $? = 0
configure:5646: result: yes
configure:5652: checking for unistd.h
configure:5652: result: yes
configure:5661: checking for _Bool
configure:5661: gcc -c -g -O2  conftest.c >&5
configure:5661: $? = 0
configure:5661: gcc -c -g -O2  conftest.c >&5
conftest.c: In function 'main':
conftest.c:58:20: error: expected expression before ')' token
   58 | if (sizeof ((_Bool)))
      |                    ^
configure:5661: $? = 1
configure: failed program was:
| /* confdefs.h */
| #define PACKAGE_NAME "Extreme Tux Racer"
| #define PACKAGE_TARNAME "etr"
| #define PACKAGE_VERSION "0.8.4"
| #define PACKAGE_STRING "Extreme Tux Racer 0.8.4"
| #define PACKAGE_BUGREPORT "https://sourceforge.net/projects/extremetuxracer"
| #define PACKAGE_URL "https://sourceforge.net/projects/extremetuxracer"
| #define PACKAGE "etr"
| #define VERSION "0.8.4"
| #define HAVE_STDIO_H 1
| #define HAVE_STDLIB_H 1
| #define HAVE_STRING_H 1
| #define HAVE_INTTYPES_H 1
| #define HAVE_STDINT_H 1
| #define HAVE_STRINGS_H 1
| #define HAVE_SYS_STAT_H 1
| #define HAVE_SYS_TYPES_H 1
| #define HAVE_UNISTD_H 1
| #define STDC_HEADERS 1
| #define HAVE_FLOAT_H 1
| #define HAVE_LIMITS_H 1
| #define HAVE_STDLIB_H 1
| #define HAVE_STRING_H 1
| #define HAVE_SYS_TIME_H 1
| #define HAVE_UNISTD_H 1
| /* end confdefs.h.  */
| #include <stddef.h>
| #ifdef HAVE_STDIO_H
| # include <stdio.h>
| #endif
| #ifdef HAVE_STDLIB_H
| # include <stdlib.h>
| #endif
| #ifdef HAVE_STRING_H
| # include <string.h>
| #endif
| #ifdef HAVE_INTTYPES_H
| # include <inttypes.h>
| #endif
| #ifdef HAVE_STDINT_H
| # include <stdint.h>
| #endif
| #ifdef HAVE_STRINGS_H
| # include <strings.h>
| #endif
| #ifdef HAVE_SYS_TYPES_H
| # include <sys/types.h>
| #endif
| #ifdef HAVE_SYS_STAT_H
| # include <sys/stat.h>
| #endif
| #ifdef HAVE_UNISTD_H
| # include <unistd.h>
| #endif
| int
| main (void)
| {
| if (sizeof ((_Bool)))
| 	    return 0;
|   ;
|   return 0;
| }
configure:5661: result: yes
configure:5670: checking for stdbool.h that conforms to C99
configure:5786: gcc -c -g -O2  conftest.c >&5
configure:5786: $? = 0
configure:5794: result: yes
configure:5797: checking for inline
configure:5814: gcc -c -g -O2  conftest.c >&5
configure:5814: $? = 0
configure:5823: result: inline
configure:5841: checking for size_t
configure:5841: gcc -c -g -O2  conftest.c >&5
configure:5841: $? = 0
configure:5841: gcc -c -g -O2  conftest.c >&5
conftest.c: In function 'main':
conftest.c:59:21: error: expected expression before ')' token
   59 | if (sizeof ((size_t)))
      |                     ^
configure:5841: $? = 1
configure: failed program was:
| /* confdefs.h */
| #define PACKAGE_NAME "Extreme Tux Racer"
| #define PACKAGE_TARNAME "etr"
| #define PACKAGE_VERSION "0.8.4"
| #define PACKAGE_STRING "Extreme Tux Racer 0.8.4"
| #define PACKAGE_BUGREPORT "https://sourceforge.net/projects/extremetuxracer"
| #define PACKAGE_URL "https://sourceforge.net/projects/extremetuxracer"
| #define PACKAGE "etr"
| #define VERSION "0.8.4"
| #define HAVE_STDIO_H 1
| #define HAVE_STDLIB_H 1
| #define HAVE_STRING_H 1
| #define HAVE_INTTYPES_H 1
| #define HAVE_STDINT_H 1
| #define HAVE_STRINGS_H 1
| #define HAVE_SYS_STAT_H 1
| #define HAVE_SYS_TYPES_H 1
| #define HAVE_UNISTD_H 1
| #define STDC_HEADERS 1
| #define HAVE_FLOAT_H 1
| #define HAVE_LIMITS_H 1
| #define HAVE_STDLIB_H 1
| #define HAVE_STRING_H 1
| #define HAVE_SYS_TIME_H 1
| #define HAVE_UNISTD_H 1
| #define HAVE__BOOL 1
| /* end confdefs.h.  */
| #include <stddef.h>
| #ifdef HAVE_STDIO_H
| # include <stdio.h>
| #endif
| #ifdef HAVE_STDLIB_H
| # include <stdlib.h>
| #endif
| #ifdef HAVE_STRING_H
| # include <string.h>
| #endif
| #ifdef HAVE_INTTYPES_H
| # include <inttypes.h>
| #endif
| #ifdef HAVE_STDINT_H
| # include <stdint.h>
| #endif
| #ifdef HAVE_STRINGS_H
| # include <strings.h>
| #endif
| #ifdef HAVE_SYS_TYPES_H
| # include <sys/types.h>
| #endif
| #ifdef HAVE_SYS_STAT_H
| # include <sys/stat.h>
| #endif
| #ifdef HAVE_UNISTD_H
| # include <unistd.h>
| #endif
| int
| main (void)
| {
| if (sizeof ((size_t)))
| 	    return 0;
|   ;
|   return 0;
| }
configure:5841: result: yes
configure:5872: checking for GNU libc compatible malloc
configure:5904: gcc -o conftest -g -O2   conftest.c  >&5
configure:5904: $? = 0
configure:5904: ./conftest
configure:5904: $? = 0
configure:5915: result: yes
configure:5937: checking for floor
configure:5937: gcc -o conftest -g -O2   conftest.c  >&5
conftest.c:46:6: warning: conflicting types for built-in function 'floor'; expected 'double(double)' [-Wbuiltin-declaration-mismatch]
   46 | char floor ();
      |      ^~~~~
conftest.c:38:1: note: 'floor' is declared in header '<math.h>'
   37 | #include <limits.h>
   38 | #undef floor
/usr/bin/ld: /tmp/arcG8cwz/ccmosFsr.o: in function `main':
/home/thomas/code/etr-0.8.4/conftest.c:57:(.text.startup+0xb): undefined reference to `floor'
collect2: error: ld returned 1 exit status
configure:5937: $? = 1
configure: failed program was:
| /* confdefs.h */
| #define PACKAGE_NAME "Extreme Tux Racer"
| #define PACKAGE_TARNAME "etr"
| #define PACKAGE_VERSION "0.8.4"
| #define PACKAGE_STRING "Extreme Tux Racer 0.8.4"
| #define PACKAGE_BUGREPORT "https://sourceforge.net/projects/extremetuxracer"
| #define PACKAGE_URL "https://sourceforge.net/projects/extremetuxracer"
| #define PACKAGE "etr"
| #define VERSION "0.8.4"
| #define HAVE_STDIO_H 1
| #define HAVE_STDLIB_H 1
| #define HAVE_STRING_H 1
| #define HAVE_INTTYPES_H 1
| #define HAVE_STDINT_H 1
| #define HAVE_STRINGS_H 1
| #define HAVE_SYS_STAT_H 1
| #define HAVE_SYS_TYPES_H 1
| #define HAVE_UNISTD_H 1
| #define STDC_HEADERS 1
| #define HAVE_FLOAT_H 1
| #define HAVE_LIMITS_H 1
| #define HAVE_STDLIB_H 1
| #define HAVE_STRING_H 1
| #define HAVE_SYS_TIME_H 1
| #define HAVE_UNISTD_H 1
| #define HAVE__BOOL 1
| #define OS_LINUX 1
| #define HAVE_MALLOC 1
| /* end confdefs.h.  */
| /* Define floor to an innocuous variant, in case <limits.h> declares floor.
|    For example, HP-UX 11i <limits.h> declares gettimeofday.  */
| #define floor innocuous_floor
| 
| /* System header to define __stub macros and hopefully few prototypes,
|    which can conflict with char floor (); below.  */
| 
| #include <limits.h>
| #undef floor
| 
| /* Override any GCC internal prototype to avoid an error.
|    Use char because int might match the return type of a GCC
|    builtin and then its argument prototype would still apply.  */
| #ifdef __cplusplus
| extern "C"
| #endif
| char floor ();
| /* The GNU C library defines this for functions which it implements
|     to always fail with ENOSYS.  Some functions are actually named
|     something starting with __ and the normal name is an alias.  */
| #if defined __stub_floor || defined __stub___floor
| choke me
| #endif
| 
| int
| main (void)
| {
| return floor ();
|   ;
|   return 0;
| }
configure:5937: result: no
configure:5943: checking for getcwd
configure:5943: gcc -o conftest -g -O2   conftest.c  >&5
configure:5943: $? = 0
configure:5943: result: yes
configure:5949: checking for memmove
configure:5949: gcc -o conftest -g -O2   conftest.c  >&5
conftest.c:47:6: warning: conflicting types for built-in function 'memmove'; expected 'void *(void *, const void *, long unsigned int)' [-Wbuiltin-declaration-mismatch]
   47 | char memmove ();
      |      ^~~~~~~
conftest.c:39:1: note: 'memmove' is declared in header '<string.h>'
   38 | #include <limits.h>
   39 | #undef memmove
configure:5949: $? = 0
configure:5949: result: yes
configure:5955: checking for memset
configure:5955: gcc -o conftest -g -O2   conftest.c  >&5
conftest.c:48:6: warning: conflicting types for built-in function 'memset'; expected 'void *(void *, int,  long unsigned int)' [-Wbuiltin-declaration-mismatch]
   48 | char memset ();
      |      ^~~~~~
conftest.c:40:1: note: 'memset' is declared in header '<string.h>'
   39 | #include <limits.h>
   40 | #undef memset
configure:5955: $? = 0
configure:5955: result: yes
configure:5961: checking for mkdir
configure:5961: gcc -o conftest -g -O2   conftest.c  >&5
configure:5961: $? = 0
configure:5961: result: yes
configure:5967: checking for pow
configure:5967: gcc -o conftest -g -O2   conftest.c  >&5
conftest.c:50:6: warning: conflicting types for built-in function 'pow'; expected 'double(double,  double)' [-Wbuiltin-declaration-mismatch]
   50 | char pow ();
      |      ^~~
conftest.c:42:1: note: 'pow' is declared in header '<math.h>'
   41 | #include <limits.h>
   42 | #undef pow
/usr/bin/ld: /tmp/arcG8cwz/cc4aKxNn.o: in function `main':
/home/thomas/code/etr-0.8.4/conftest.c:61:(.text.startup+0xb): undefined reference to `pow'
collect2: error: ld returned 1 exit status
configure:5967: $? = 1
configure: failed program was:
| /* confdefs.h */
| #define PACKAGE_NAME "Extreme Tux Racer"
| #define PACKAGE_TARNAME "etr"
| #define PACKAGE_VERSION "0.8.4"
| #define PACKAGE_STRING "Extreme Tux Racer 0.8.4"
| #define PACKAGE_BUGREPORT "https://sourceforge.net/projects/extremetuxracer"
| #define PACKAGE_URL "https://sourceforge.net/projects/extremetuxracer"
| #define PACKAGE "etr"
| #define VERSION "0.8.4"
| #define HAVE_STDIO_H 1
| #define HAVE_STDLIB_H 1
| #define HAVE_STRING_H 1
| #define HAVE_INTTYPES_H 1
| #define HAVE_STDINT_H 1
| #define HAVE_STRINGS_H 1
| #define HAVE_SYS_STAT_H 1
| #define HAVE_SYS_TYPES_H 1
| #define HAVE_UNISTD_H 1
| #define STDC_HEADERS 1
| #define HAVE_FLOAT_H 1
| #define HAVE_LIMITS_H 1
| #define HAVE_STDLIB_H 1
| #define HAVE_STRING_H 1
| #define HAVE_SYS_TIME_H 1
| #define HAVE_UNISTD_H 1
| #define HAVE__BOOL 1
| #define OS_LINUX 1
| #define HAVE_MALLOC 1
| #define HAVE_GETCWD 1
| #define HAVE_MEMMOVE 1
| #define HAVE_MEMSET 1
| #define HAVE_MKDIR 1
| /* end confdefs.h.  */
| /* Define pow to an innocuous variant, in case <limits.h> declares pow.
|    For example, HP-UX 11i <limits.h> declares gettimeofday.  */
| #define pow innocuous_pow
| 
| /* System header to define __stub macros and hopefully few prototypes,
|    which can conflict with char pow (); below.  */
| 
| #include <limits.h>
| #undef pow
| 
| /* Override any GCC internal prototype to avoid an error.
|    Use char because int might match the return type of a GCC
|    builtin and then its argument prototype would still apply.  */
| #ifdef __cplusplus
| extern "C"
| #endif
| char pow ();
| /* The GNU C library defines this for functions which it implements
|     to always fail with ENOSYS.  Some functions are actually named
|     something starting with __ and the normal name is an alias.  */
| #if defined __stub_pow || defined __stub___pow
| choke me
| #endif
| 
| int
| main (void)
| {
| return pow ();
|   ;
|   return 0;
| }
configure:5967: result: no
configure:5973: checking for sqrt
configure:5973: gcc -o conftest -g -O2   conftest.c  >&5
conftest.c:50:6: warning: conflicting types for built-in function 'sqrt'; expected 'double(double)' [-Wbuiltin-declaration-mismatch]
   50 | char sqrt ();
      |      ^~~~
conftest.c:42:1: note: 'sqrt' is declared in header '<math.h>'
   41 | #include <limits.h>
   42 | #undef sqrt
/usr/bin/ld: /tmp/arcG8cwz/ccQgX4S9.o: in function `main':
/home/thomas/code/etr-0.8.4/conftest.c:61:(.text.startup+0xb): undefined reference to `sqrt'
collect2: error: ld returned 1 exit status
configure:5973: $? = 1
configure: failed program was:
| /* confdefs.h */
| #define PACKAGE_NAME "Extreme Tux Racer"
| #define PACKAGE_TARNAME "etr"
| #define PACKAGE_VERSION "0.8.4"
| #define PACKAGE_STRING "Extreme Tux Racer 0.8.4"
| #define PACKAGE_BUGREPORT "https://sourceforge.net/projects/extremetuxracer"
| #define PACKAGE_URL "https://sourceforge.net/projects/extremetuxracer"
| #define PACKAGE "etr"
| #define VERSION "0.8.4"
| #define HAVE_STDIO_H 1
| #define HAVE_STDLIB_H 1
| #define HAVE_STRING_H 1
| #define HAVE_INTTYPES_H 1
| #define HAVE_STDINT_H 1
| #define HAVE_STRINGS_H 1
| #define HAVE_SYS_STAT_H 1
| #define HAVE_SYS_TYPES_H 1
| #define HAVE_UNISTD_H 1
| #define STDC_HEADERS 1
| #define HAVE_FLOAT_H 1
| #define HAVE_LIMITS_H 1
| #define HAVE_STDLIB_H 1
| #define HAVE_STRING_H 1
| #define HAVE_SYS_TIME_H 1
| #define HAVE_UNISTD_H 1
| #define HAVE__BOOL 1
| #define OS_LINUX 1
| #define HAVE_MALLOC 1
| #define HAVE_GETCWD 1
| #define HAVE_MEMMOVE 1
| #define HAVE_MEMSET 1
| #define HAVE_MKDIR 1
| /* end confdefs.h.  */
| /* Define sqrt to an innocuous variant, in case <limits.h> declares sqrt.
|    For example, HP-UX 11i <limits.h> declares gettimeofday.  */
| #define sqrt innocuous_sqrt
| 
| /* System header to define __stub macros and hopefully few prototypes,
|    which can conflict with char sqrt (); below.  */
| 
| #include <limits.h>
| #undef sqrt
| 
| /* Override any GCC internal prototype to avoid an error.
|    Use char because int might match the return type of a GCC
|    builtin and then its argument prototype would still apply.  */
| #ifdef __cplusplus
| extern "C"
| #endif
| char sqrt ();
| /* The GNU C library defines this for functions which it implements
|     to always fail with ENOSYS.  Some functions are actually named
|     something starting with __ and the normal name is an alias.  */
| #if defined __stub_sqrt || defined __stub___sqrt
| choke me
| #endif
| 
| int
| main (void)
| {
| return sqrt ();
|   ;
|   return 0;
| }
configure:5973: result: no
configure:5979: checking for strchr
configure:5979: gcc -o conftest -g -O2   conftest.c  >&5
conftest.c:50:6: warning: conflicting types for built-in function 'strchr'; expected 'char *(const char *, int)' [-Wbuiltin-declaration-mismatch]
   50 | char strchr ();
      |      ^~~~~~
conftest.c:42:1: note: 'strchr' is declared in header '<string.h>'
   41 | #include <limits.h>
   42 | #undef strchr
configure:5979: $? = 0
configure:5979: result: yes
configure:5985: checking for strdup
configure:5985: gcc -o conftest -g -O2   conftest.c  >&5
conftest.c:51:6: warning: conflicting types for built-in function 'strdup'; expected 'char *(const char *)' [-Wbuiltin-declaration-mismatch]
   51 | char strdup ();
      |      ^~~~~~
configure:5985: $? = 0
configure:5985: result: yes
configure:6052: checking for pkg-config
configure:6075: found /usr/bin/pkg-config
configure:6087: result: /usr/bin/pkg-config
configure:6112: checking pkg-config is at least version 0.9.0
configure:6115: result: yes
configure:6125: checking for sfml-system >= 2.4
configure:6132: $PKG_CONFIG --exists --print-errors "sfml-system >= 2.4"
configure:6135: $? = 0
configure:6149: $PKG_CONFIG --exists --print-errors "sfml-system >= 2.4"
configure:6152: $? = 0
configure:6190: result: yes
configure:6200: checking for sfml-audio >= 2.4
configure:6207: $PKG_CONFIG --exists --print-errors "sfml-audio >= 2.4"
configure:6210: $? = 0
configure:6224: $PKG_CONFIG --exists --print-errors "sfml-audio >= 2.4"
configure:6227: $? = 0
configure:6265: result: yes
configure:6275: checking for sfml-window >= 2.4
configure:6282: $PKG_CONFIG --exists --print-errors "sfml-window >= 2.4"
configure:6285: $? = 0
configure:6299: $PKG_CONFIG --exists --print-errors "sfml-window >= 2.4"
configure:6302: $? = 0
configure:6340: result: yes
configure:6350: checking for sfml-graphics >= 2.4
configure:6357: $PKG_CONFIG --exists --print-errors "sfml-graphics >= 2.4"
configure:6360: $? = 0
configure:6374: $PKG_CONFIG --exists --print-errors "sfml-graphics >= 2.4"
configure:6377: $? = 0
configure:6415: result: yes
configure:6428: checking for libpng
configure:6435: $PKG_CONFIG --exists --print-errors "libpng"
configure:6438: $? = 0
configure:6452: $PKG_CONFIG --exists --print-errors "libpng"
configure:6455: $? = 0
configure:6493: result: yes
configure:6499: checking for freetype2
configure:6506: $PKG_CONFIG --exists --print-errors "freetype2"
configure:6509: $? = 0
configure:6523: $PKG_CONFIG --exists --print-errors "freetype2"
configure:6526: $? = 0
configure:6564: result: yes
configure:6568: checking for XOpenDisplay in -lX11
configure:6591: gcc -o conftest -g -O2      -I/usr/include/libpng16  -I/usr/include/freetype2 -I/usr/include/libpng16   conftest.c -lX11   -lsfml-system  -lsfml-audio -lsfml-system  -lsfml-window -lsfml-system  -lsfml-graphics -lsfml-window -lsfml-system  -lpng16  -lfreetype  >&5
configure:6591: $? = 0
configure:6601: result: yes
configure:6610: checking for glXChooseFBConfig in -lGL
configure:6633: gcc -o conftest -g -O2      -I/usr/include/libpng16  -I/usr/include/freetype2 -I/usr/include/libpng16   conftest.c -lGL   -lsfml-system  -lsfml-audio -lsfml-system  -lsfml-window -lsfml-system  -lsfml-graphics -lsfml-window -lsfml-system  -lpng16  -lfreetype  -lX11 >&5
configure:6633: $? = 0
configure:6643: result: yes
configure:6656: checking for alsa
configure:6663: $PKG_CONFIG --exists --print-errors "alsa"
configure:6666: $? = 0
configure:6680: $PKG_CONFIG --exists --print-errors "alsa"
configure:6683: $? = 0
configure:6721: result: yes
configure:6727: checking for vorbisfile vorbis
configure:6734: $PKG_CONFIG --exists --print-errors "vorbisfile vorbis"
configure:6737: $? = 0
configure:6751: $PKG_CONFIG --exists --print-errors "vorbisfile vorbis"
configure:6754: $? = 0
configure:6792: result: yes
configure:6797: checking for gluBeginCurve in -lGLU
configure:6820: gcc -o conftest -g -O2      -I/usr/include/libpng16  -I/usr/include/freetype2 -I/usr/include/libpng16     conftest.c -lGLU   -lsfml-system  -lsfml-audio -lsfml-system  -lsfml-window -lsfml-system  -lsfml-graphics -lsfml-window -lsfml-system  -lpng16  -lfreetype  -lX11 -lGL -lpthread -ldl -lm -lasound  -lvorbisfile -lvorbis  >&5
configure:6820: $? = 0
configure:6830: result: yes
configure:6835: checking for glBegin in -lOpenGL
configure:6858: gcc -o conftest -g -O2      -I/usr/include/libpng16  -I/usr/include/freetype2 -I/usr/include/libpng16     conftest.c -lOpenGL   -lsfml-system  -lsfml-audio -lsfml-system  -lsfml-window -lsfml-system  -lsfml-graphics -lsfml-window -lsfml-system  -lpng16  -lfreetype  -lX11 -lGL -lpthread -ldl -lm -lasound  -lvorbisfile -lvorbis  >&5
configure:6858: $? = 0
configure:6868: result: yes
configure:7127: checking that generated files are newer than configure
configure:7133: result: done
configure:7160: creating ./config.status

## ---------------- ##
## Cache variables. ##
## ---------------- ##

ac_cv_build=x86_64-pc-linux-gnu
ac_cv_c_compiler_gnu=yes
ac_cv_c_inline=inline
ac_cv_cxx_compiler_gnu=yes
ac_cv_env_ALSA_CFLAGS_set=
ac_cv_env_ALSA_CFLAGS_value=
ac_cv_env_ALSA_LIBS_set=
ac_cv_env_ALSA_LIBS_value=
ac_cv_env_CCC_set=
ac_cv_env_CCC_value=
ac_cv_env_CC_set=
ac_cv_env_CC_value=
ac_cv_env_CFLAGS_set=
ac_cv_env_CFLAGS_value=
ac_cv_env_CPPFLAGS_set=
ac_cv_env_CPPFLAGS_value=
ac_cv_env_CXXFLAGS_set=
ac_cv_env_CXXFLAGS_value=
ac_cv_env_CXX_set=
ac_cv_env_CXX_value=
ac_cv_env_FREETYPE_CFLAGS_set=
ac_cv_env_FREETYPE_CFLAGS_value=
ac_cv_env_FREETYPE_LIBS_set=
ac_cv_env_FREETYPE_LIBS_value=
ac_cv_env_LDFLAGS_set=
ac_cv_env_LDFLAGS_value=
ac_cv_env_LIBS_set=
ac_cv_env_LIBS_value=
ac_cv_env_PKG_CONFIG_LIBDIR_set=
ac_cv_env_PKG_CONFIG_LIBDIR_value=
ac_cv_env_PKG_CONFIG_PATH_set=
ac_cv_env_PKG_CONFIG_PATH_value=
ac_cv_env_PKG_CONFIG_set=
ac_cv_env_PKG_CONFIG_value=
ac_cv_env_PNG_CFLAGS_set=
ac_cv_env_PNG_CFLAGS_value=
ac_cv_env_PNG_LIBS_set=
ac_cv_env_PNG_LIBS_value=
ac_cv_env_SFML_AUDIO_CFLAGS_set=
ac_cv_env_SFML_AUDIO_CFLAGS_value=
ac_cv_env_SFML_AUDIO_LIBS_set=
ac_cv_env_SFML_AUDIO_LIBS_value=
ac_cv_env_SFML_GRAPHICS_CFLAGS_set=
ac_cv_env_SFML_GRAPHICS_CFLAGS_value=
ac_cv_env_SFML_GRAPHICS_LIBS_set=
ac_cv_env_SFML_GRAPHICS_LIBS_value=
ac_cv_env_SFML_SYSTEM_CFLAGS_set=
ac_cv_env_SFML_SYSTEM_CFLAGS_value=
ac_cv_env_SFML_SYSTEM_LIBS_set=
ac_cv_env_SFML_SYSTEM_LIBS_value=
ac_cv_env_SFML_WINDOW_CFLAGS_set=
ac_cv_env_SFML_WINDOW_CFLAGS_value=
ac_cv_env_SFML_WINDOW_LIBS_set=
ac_cv_env_SFML_WINDOW_LIBS_value=
ac_cv_env_VORBISFILE_CFLAGS_set=
ac_cv_env_VORBISFILE_CFLAGS_value=
ac_cv_env_VORBISFILE_LIBS_set=
ac_cv_env_VORBISFILE_LIBS_value=
ac_cv_env_build_alias_set=
ac_cv_env_build_alias_value=
ac_cv_env_host_alias_set=
ac_cv_env_host_alias_value=
ac_cv_env_target_alias_set=
ac_cv_env_target_alias_value=
ac_cv_func_floor=no
ac_cv_func_getcwd=yes
ac_cv_func_malloc_0_nonnull=yes
ac_cv_func_memmove=yes
ac_cv_func_memset=yes
ac_cv_func_mkdir=yes
ac_cv_func_pow=no
ac_cv_func_sqrt=no
ac_cv_func_strchr=yes
ac_cv_func_strdup=yes
ac_cv_header_float_h=yes
ac_cv_header_inttypes_h=yes
ac_cv_header_limits_h=yes
ac_cv_header_stdbool_h=yes
ac_cv_header_stdint_h=yes
ac_cv_header_stdio_h=yes
ac_cv_header_stdlib_h=yes
ac_cv_header_string_h=yes
ac_cv_header_strings_h=yes
ac_cv_header_sys_stat_h=yes
ac_cv_header_sys_time_h=yes
ac_cv_header_sys_types_h=yes
ac_cv_header_unistd_h=yes
ac_cv_host=x86_64-pc-linux-gnu
ac_cv_lib_GLU_gluBeginCurve=yes
ac_cv_lib_GL_glXChooseFBConfig=yes
ac_cv_lib_OpenGL_glBegin=yes
ac_cv_lib_X11_XOpenDisplay=yes
ac_cv_objext=o
ac_cv_path_ac_pt_PKG_CONFIG=/usr/bin/pkg-config
ac_cv_path_install='/usr/bin/install -c'
ac_cv_path_mkdir=/usr/bin/mkdir
ac_cv_prog_AWK=gawk
ac_cv_prog_ac_ct_CC=gcc
ac_cv_prog_ac_ct_CXX=g++
ac_cv_prog_cc_c11=
ac_cv_prog_cc_g=yes
ac_cv_prog_cc_stdc=
ac_cv_prog_cxx_cxx11=
ac_cv_prog_cxx_g=yes
ac_cv_prog_cxx_stdcxx=
ac_cv_prog_make_make_set=yes
ac_cv_sys_file_offset_bits=no
ac_cv_sys_largefile_CC=no
ac_cv_type__Bool=yes
ac_cv_type_size_t=yes
am_cv_CC_dependencies_compiler_type=gcc3
am_cv_CXX_dependencies_compiler_type=gcc3
am_cv_make_support_nested_variables=yes
am_cv_prog_cc_c_o=yes
pkg_cv_ALSA_CFLAGS=
pkg_cv_ALSA_LIBS='-lasound '
pkg_cv_FREETYPE_CFLAGS='-I/usr/include/freetype2 -I/usr/include/libpng16 '
pkg_cv_FREETYPE_LIBS='-lfreetype '
pkg_cv_PNG_CFLAGS='-I/usr/include/libpng16 '
pkg_cv_PNG_LIBS='-lpng16 '
pkg_cv_SFML_AUDIO_CFLAGS=
pkg_cv_SFML_AUDIO_LIBS='-lsfml-audio -lsfml-system '
pkg_cv_SFML_GRAPHICS_CFLAGS=
pkg_cv_SFML_GRAPHICS_LIBS='-lsfml-graphics -lsfml-window -lsfml-system '
pkg_cv_SFML_SYSTEM_CFLAGS=
pkg_cv_SFML_SYSTEM_LIBS='-lsfml-system '
pkg_cv_SFML_WINDOW_CFLAGS=
pkg_cv_SFML_WINDOW_LIBS='-lsfml-window -lsfml-system '
pkg_cv_VORBISFILE_CFLAGS=
pkg_cv_VORBISFILE_LIBS='-lvorbisfile -lvorbis '

## ----------------- ##
## Output variables. ##
## ----------------- ##

ACLOCAL='${SHELL} '\''/home/thomas/code/etr-0.8.4/missing'\'' aclocal-1.16'
ALSA_CFLAGS=''
ALSA_LIBS='-lasound '
AMDEPBACKSLASH='\'
AMDEP_FALSE='#'
AMDEP_TRUE=''
AMTAR='$${TAR-tar}'
AM_BACKSLASH='\'
AM_DEFAULT_V='$(AM_DEFAULT_VERBOSITY)'
AM_DEFAULT_VERBOSITY='0'
AM_V='$(V)'
AUTOCONF='${SHELL} '\''/home/thomas/code/etr-0.8.4/missing'\'' autoconf'
AUTOHEADER='${SHELL} '\''/home/thomas/code/etr-0.8.4/missing'\'' autoheader'
AUTOMAKE='${SHELL} '\''/home/thomas/code/etr-0.8.4/missing'\'' automake-1.16'
AWK='gawk'
CC='gcc'
CCDEPMODE='depmode=gcc3'
CFLAGS='-g -O2'
CPPFLAGS='     -I/usr/include/libpng16  -I/usr/include/freetype2 -I/usr/include/libpng16    -DETR_DATA_DIR=\"${datarootdir}\"'
CSCOPE='cscope'
CTAGS='ctags'
CXX='g++'
CXXDEPMODE='depmode=gcc3'
CXXFLAGS='-g -O2 -std=c++14'
CYGPATH_W='echo'
DEFS='-DHAVE_CONFIG_H'
DEPDIR='.deps'
ECHO_C=''
ECHO_N='-n'
ECHO_T=''
ETAGS='etags'
EXEEXT=''
FREETYPE_CFLAGS='-I/usr/include/freetype2 -I/usr/include/libpng16 '
FREETYPE_LIBS='-lfreetype '
INSTALL_DATA='${INSTALL} -m 644'
INSTALL_PROGRAM='${INSTALL}'
INSTALL_SCRIPT='${INSTALL}'
INSTALL_STRIP_PROGRAM='$(install_sh) -c -s'
LDFLAGS=''
LIBOBJS=''
LIBS=' -lsfml-system  -lsfml-audio -lsfml-system  -lsfml-window -lsfml-system  -lsfml-graphics -lsfml-window -lsfml-system  -lpng16  -lfreetype  -lX11 -lGL -lpthread -ldl -lm -lasound  -lvorbisfile -lvorbis  -lOpenGL -lGLU'
LTLIBOBJS=''
MAKEINFO='${SHELL} '\''/home/thomas/code/etr-0.8.4/missing'\'' makeinfo'
MKDIR_P='/usr/bin/mkdir -p'
OBJEXT='o'
PACKAGE='etr'
PACKAGE_BUGREPORT='https://sourceforge.net/projects/extremetuxracer'
PACKAGE_NAME='Extreme Tux Racer'
PACKAGE_STRING='Extreme Tux Racer 0.8.4'
PACKAGE_TARNAME='etr'
PACKAGE_URL='https://sourceforge.net/projects/extremetuxracer'
PACKAGE_VERSION='0.8.4'
PATH_SEPARATOR=':'
PKG_CONFIG='/usr/bin/pkg-config'
PKG_CONFIG_LIBDIR=''
PKG_CONFIG_PATH=''
PNG_CFLAGS='-I/usr/include/libpng16 '
PNG_LIBS='-lpng16 '
SET_MAKE=''
SFML_AUDIO_CFLAGS=''
SFML_AUDIO_LIBS='-lsfml-audio -lsfml-system '
SFML_GRAPHICS_CFLAGS=''
SFML_GRAPHICS_LIBS='-lsfml-graphics -lsfml-window -lsfml-system '
SFML_SYSTEM_CFLAGS=''
SFML_SYSTEM_LIBS='-lsfml-system '
SFML_WINDOW_CFLAGS=''
SFML_WINDOW_LIBS='-lsfml-window -lsfml-system '
SHELL='/bin/bash'
STRIP=''
VERSION='0.8.4'
VORBISFILE_CFLAGS=''
VORBISFILE_LIBS='-lvorbisfile -lvorbis '
ac_ct_CC='gcc'
ac_ct_CXX='g++'
am__EXEEXT_FALSE=''
am__EXEEXT_TRUE='#'
am__fastdepCC_FALSE='#'
am__fastdepCC_TRUE=''
am__fastdepCXX_FALSE='#'
am__fastdepCXX_TRUE=''
am__include='include'
am__isrc=''
am__leading_dot='.'
am__nodep='_no'
am__quote=''
am__tar='$${TAR-tar} chof - "$$tardir"'
am__untar='$${TAR-tar} xf -'
bindir='${exec_prefix}/bin'
build='x86_64-pc-linux-gnu'
build_alias=''
build_cpu='x86_64'
build_os='linux-gnu'
build_vendor='pc'
datadir='${datarootdir}'
datarootdir='${prefix}/share'
docdir='${datarootdir}/doc/${PACKAGE_TARNAME}'
dvidir='${docdir}'
exec_prefix='${prefix}'
host='x86_64-pc-linux-gnu'
host_alias=''
host_cpu='x86_64'
host_os='linux-gnu'
host_vendor='pc'
htmldir='${docdir}'
includedir='${prefix}/include'
infodir='${datarootdir}/info'
install_sh='${SHELL} /home/thomas/code/etr-0.8.4/install-sh'
libdir='${exec_prefix}/lib'
libexecdir='${exec_prefix}/libexec'
localedir='${datarootdir}/locale'
localstatedir='${prefix}/var'
mandir='${datarootdir}/man'
mkdir_p='$(MKDIR_P)'
oldincludedir='/usr/include'
pdfdir='${docdir}'
prefix='/usr/local'
program_transform_name='s,x,x,'
psdir='${docdir}'
runstatedir='${localstatedir}/run'
sbindir='${exec_prefix}/sbin'
sharedstatedir='${prefix}/com'
sysconfdir='${prefix}/etc'
target_alias=''

## ----------- ##
## confdefs.h. ##
## ----------- ##

/* confdefs.h */
#define PACKAGE_NAME "Extreme Tux Racer"
#define PACKAGE_TARNAME "etr"
#define PACKAGE_VERSION "0.8.4"
#define PACKAGE_STRING "Extreme Tux Racer 0.8.4"
#define PACKAGE_BUGREPORT "https://sourceforge.net/projects/extremetuxracer"
#define PACKAGE_URL "https://sourceforge.net/projects/extremetuxracer"
#define PACKAGE "etr"
#define VERSION "0.8.4"
#define HAVE_STDIO_H 1
#define HAVE_STDLIB_H 1
#define HAVE_STRING_H 1
#define HAVE_INTTYPES_H 1
#define HAVE_STDINT_H 1
#define HAVE_STRINGS_H 1
#define HAVE_SYS_STAT_H 1
#define HAVE_SYS_TYPES_H 1
#define HAVE_UNISTD_H 1
#define STDC_HEADERS 1
#define HAVE_FLOAT_H 1
#define HAVE_LIMITS_H 1
#define HAVE_STDLIB_H 1
#define HAVE_STRING_H 1
#define HAVE_SYS_TIME_H 1
#define HAVE_UNISTD_H 1
#define HAVE__BOOL 1
#define OS_LINUX 1
#define HAVE_MALLOC 1
#define HAVE_GETCWD 1
#define HAVE_MEMMOVE 1
#define HAVE_MEMSET 1
#define HAVE_MKDIR 1
#define HAVE_STRCHR 1
#define HAVE_STRDUP 1

configure: exit 0

## ---------------------- ##
## Running config.status. ##
## ---------------------- ##

This file was extended by Extreme Tux Racer config.status 0.8.4, which was
generated by GNU Autoconf 2.71.  Invocation command line was

  CONFIG_FILES    = 
  CONFIG_HEADERS  = 
  CONFIG_LINKS    = 
  CONFIG_COMMANDS = 
  $ ./config.status 

on linuxboi

config.status:975: creating Makefile
config.status:975: creating src/Makefile
config.status:975: creating build/Makefile
config.status:975: creating build/Installer/Makefile
config.status:975: creating data/Makefile
config.status:975: creating data/char/Makefile
config.status:975: creating data/char/beastie/Makefile
config.status:975: creating data/char/boris/Makefile
config.status:975: creating data/char/samuel/Makefile
config.status:975: creating data/char/trixi/Makefile
config.status:975: creating data/char/tux/Makefile
config.status:975: creating data/courses/Makefile
config.status:975: creating data/courses/default/Makefile
config.status:975: creating data/courses/default/bumpy_ride/Makefile
config.status:975: creating data/courses/default/bunny_hill/Makefile
config.status:975: creating data/courses/default/challenge_one/Makefile
config.status:975: creating data/courses/default/chinese_wall/Makefile
config.status:975: creating data/courses/default/chragis_gagiwaetter/Makefile
config.status:975: creating data/courses/default/downhill_fear/Makefile
config.status:975: creating data/courses/default/explore_mountains/Makefile
config.status:975: creating data/courses/default/frozen_lakes/Makefile
config.status:975: creating data/courses/default/frozen_river/Makefile
config.status:975: creating data/courses/default/hippo_run/Makefile
config.status:975: creating data/courses/default/holygrail/Makefile
config.status:975: creating data/courses/default/in_search_of_vodka/Makefile
config.status:975: creating data/courses/default/keep_country_tidy/Makefile
config.status:975: creating data/courses/default/milos_castle/Makefile
config.status:975: creating data/courses/default/path_of_daggers/Makefile
config.status:975: creating data/courses/default/penguins_cant_fly/Makefile
config.status:975: creating data/courses/default/quiet_river/Makefile
config.status:975: creating data/courses/default/secret_valleys/Makefile
config.status:975: creating data/courses/default/this_means_something/Makefile
config.status:975: creating data/courses/default/tux_at_home/Makefile
config.status:975: creating data/courses/default/twisty_slope/Makefile
config.status:975: creating data/courses/default/wild_mountains/Makefile
config.status:975: creating data/courses/extras/Makefile
config.status:975: creating data/courses/extras/bronze_set/Makefile
config.status:975: creating data/courses/extras/comepeces/Makefile
config.status:975: creating data/courses/extras/desperation/Makefile
config.status:975: creating data/courses/extras/el_reto/Makefile
config.status:975: creating data/courses/extras/follow_white_rabbit/Makefile
config.status:975: creating data/courses/extras/herrings_half_pipe/Makefile
config.status:975: creating data/courses/extras/i_like_spike_2/Makefile
config.status:975: creating data/courses/extras/inception/Makefile
config.status:975: creating data/courses/extras/laberinto/Makefile
config.status:975: creating data/courses/extras/penguins_day/Makefile
config.status:975: creating data/courses/extras/pygoscelis_adeliae/Makefile
config.status:975: creating data/courses/extras/rock_n_roll/Makefile
config.status:975: creating data/courses/extras/slide_or_fly/Makefile
config.status:975: creating data/courses/extras/snow_run_1/Makefile
config.status:975: creating data/courses/extras/snow_run_2/Makefile
config.status:975: creating data/courses/extras/the_long_ride/Makefile
config.status:975: creating data/courses/extras/touch_the_moon/Makefile
config.status:975: creating data/courses/extras/touristic_ride/Makefile
config.status:975: creating data/courses/extras/tuxway/Makefile
config.status:975: creating data/courses/extras/twists/Makefile
config.status:975: creating data/courses/extras/wild_ride/Makefile
config.status:975: creating data/courses/extras/wild_west_chute_out/Makefile
config.status:975: creating data/env/Makefile
config.status:975: creating data/env/etr/Makefile
config.status:975: creating data/env/etr/cloudy/Makefile
config.status:975: creating data/env/etr/evening/Makefile
config.status:975: creating data/env/etr/night/Makefile
config.status:975: creating data/env/etr/sunny/Makefile
config.status:975: creating data/env/tuxracer/Makefile
config.status:975: creating data/env/tuxracer/cloudy/Makefile
config.status:975: creating data/env/tuxracer/evening/Makefile
config.status:975: creating data/env/tuxracer/night/Makefile
config.status:975: creating data/env/tuxracer/sunny/Makefile
config.status:975: creating data/fonts/Makefile
config.status:975: creating data/music/Makefile
config.status:975: creating data/objects/Makefile
config.status:975: creating data/players/Makefile
config.status:975: creating data/sounds/Makefile
config.status:975: creating data/terrains/Makefile
config.status:975: creating data/textures/Makefile
config.status:975: creating data/translations/Makefile
config.status:975: creating doc/Makefile
config.status:975: creating resources/Makefile
config.status:975: creating resources/gui/Makefile
config.status:975: creating etr_config.h
config.status:1156: etr_config.h is unchanged
config.status:1204: executing depfiles commands
config.status:1281: cd src       && sed -e '/# am--include-marker/d' Makefile         | make -f - am--depfiles
config.status:1286: $? = 0
