Archive member included because of file (symbol)

/usr/local/ps3dev/ppu/lib/libsimdmath.a(negatef4.o)
                              main.o (negatef4)
/usr/local/ps3dev/ppu/lib/libsimdmath.a(recipf4.o)
                              main.o (recipf4)
/usr/local/ps3dev/ppu/lib/libsimdmath.a(rsqrtf4.o)
                              main.o (rsqrtf4)
/usr/local/ps3dev/ppu/lib/librsx.a(init.o)
                              rsxutil.o (rsxInit)
/usr/local/ps3dev/ppu/lib/librsx.a(buffer.o)
                              rsxutil.o (rsxFlushBuffer)
/usr/local/ps3dev/ppu/lib/librsx.a(commands.o)
                              /usr/local/ps3dev/ppu/lib/librsx.a(buffer.o) (rsxSetJumpCommandUnsafe)
/usr/local/ps3dev/ppu/lib/librsx.a(mm.o)
                              /usr/local/ps3dev/ppu/lib/librsx.a(init.o) (rsxHeapInit)
/usr/local/ps3dev/ppu/lib/librsx.a(vertex_program.o)
                              main.o (rsxVertexProgramGetUCode)
/usr/local/ps3dev/ppu/lib/librsx.a(fragment_program.o)
                              main.o (rsxFragmentProgramGetUCode)
/usr/local/ps3dev/ppu/lib/librsx.a(rsx_internal.o)
                              /usr/local/ps3dev/ppu/lib/librsx.a(vertex_program.o) (__rsxGetAttrs)
/usr/local/ps3dev/ppu/lib/libgcm_sys.a(sprx.o)
                              rsxutil.o (gcmSetFlip)
/usr/local/ps3dev/ppu/lib/libio.a(sprx.o)
                              main.o (ioPadInit)
/usr/local/ps3dev/ppu/lib/libsysutil.a(sprx.o)
                              rsxutil.o (videoGetResolutionAvailability)
/usr/local/ps3dev/ppu/lib/libsysutil.a(sysutil_wrapper.o)
                              main.o (sysUtilRegisterCallback)
/usr/local/ps3dev/ppu/lib/librt.a(sbrk.o)
                              /usr/local/ps3dev/ppu/lib/gcc/powerpc64-ps3-elf/7.2.0/../../../../powerpc64-ps3-elf/lib/lv2-crt0.o (__librt_sbrk_r)
/usr/local/ps3dev/ppu/lib/librt.a(exit.o)
                              /usr/local/ps3dev/ppu/lib/gcc/powerpc64-ps3-elf/7.2.0/../../../../powerpc64-ps3-elf/lib/lv2-crt0.o (__librt_exit)
/usr/local/ps3dev/ppu/lib/librt.a(close.o)
                              /usr/local/ps3dev/ppu/lib/gcc/powerpc64-ps3-elf/7.2.0/../../../../powerpc64-ps3-elf/lib/lv2-crt0.o (__librt_close_r)
/usr/local/ps3dev/ppu/lib/librt.a(lseek.o)
                              /usr/local/ps3dev/ppu/lib/gcc/powerpc64-ps3-elf/7.2.0/../../../../powerpc64-ps3-elf/lib/lv2-crt0.o (__librt_lseek_r)
/usr/local/ps3dev/ppu/lib/librt.a(read.o)
                              /usr/local/ps3dev/ppu/lib/gcc/powerpc64-ps3-elf/7.2.0/../../../../powerpc64-ps3-elf/lib/lv2-crt0.o (__librt_read_r)
/usr/local/ps3dev/ppu/lib/librt.a(open.o)
                              /usr/local/ps3dev/ppu/lib/gcc/powerpc64-ps3-elf/7.2.0/../../../../powerpc64-ps3-elf/lib/lv2-crt0.o (__librt_open_r)
/usr/local/ps3dev/ppu/lib/librt.a(sleep.o)
                              /usr/local/ps3dev/ppu/lib/gcc/powerpc64-ps3-elf/7.2.0/../../../../powerpc64-ps3-elf/lib/lv2-crt0.o (__librt_usleep_r)
/usr/local/ps3dev/ppu/lib/librt.a(write.o)
                              /usr/local/ps3dev/ppu/lib/gcc/powerpc64-ps3-elf/7.2.0/../../../../powerpc64-ps3-elf/lib/lv2-crt0.o (__librt_write_r)
/usr/local/ps3dev/ppu/lib/librt.a(fstat.o)
                              /usr/local/ps3dev/ppu/lib/gcc/powerpc64-ps3-elf/7.2.0/../../../../powerpc64-ps3-elf/lib/lv2-crt0.o (__librt_fstat_r)
/usr/local/ps3dev/ppu/lib/librt.a(socket.o)
                              /usr/local/ps3dev/ppu/lib/librt.a(write.o) (connect)
/usr/local/ps3dev/ppu/lib/librt.a(lock.o)
                              /usr/local/ps3dev/ppu/lib/gcc/powerpc64-ps3-elf/7.2.0/../../../../powerpc64-ps3-elf/lib/lv2-crt0.o (__librt_sys_lwmutex_create_r)
/usr/local/ps3dev/ppu/lib/librt.a(dirent.o)
                              /usr/local/ps3dev/ppu/lib/gcc/powerpc64-ps3-elf/7.2.0/../../../../powerpc64-ps3-elf/lib/lv2-crt0.o (__librt_opendir_r)
/usr/local/ps3dev/ppu/lib/librt.a(mkdir.o)
                              /usr/local/ps3dev/ppu/lib/gcc/powerpc64-ps3-elf/7.2.0/../../../../powerpc64-ps3-elf/lib/lv2-crt0.o (__librt_mkdir_r)
/usr/local/ps3dev/ppu/lib/librt.a(times.o)
                              /usr/local/ps3dev/ppu/lib/gcc/powerpc64-ps3-elf/7.2.0/../../../../powerpc64-ps3-elf/lib/lv2-crt0.o (__librt_times_r)
/usr/local/ps3dev/ppu/lib/librt.a(umask.o)
                              /usr/local/ps3dev/ppu/lib/gcc/powerpc64-ps3-elf/7.2.0/../../../../powerpc64-ps3-elf/lib/lv2-crt0.o (__librt_umask_r)
/usr/local/ps3dev/ppu/lib/librt.a(lv2errno.o)
                              /usr/local/ps3dev/ppu/lib/librt.a(socket.o) (lv2errno)
/usr/local/ps3dev/ppu/lib/librt.a(heap.o)
                              /usr/local/ps3dev/ppu/lib/librsx.a(mm.o) (heapInit)
/usr/local/ps3dev/ppu/lib/librt.a(chmod.o)
                              /usr/local/ps3dev/ppu/lib/gcc/powerpc64-ps3-elf/7.2.0/../../../../powerpc64-ps3-elf/lib/lv2-crt0.o (__librt_chmod_r)
/usr/local/ps3dev/ppu/lib/librt.a(rename.o)
[...]
Memory Configuration

Name             Origin             Length             Attributes
*default*        0x0000000000000000 0xffffffffffffffff

Linker script and memory map

                0x0000000000010000                PROVIDE (__executable_start, 0x10000)
                0x0000000000010200                . = (0x10000 + SIZEOF_HEADERS)

.interp
 *(.interp)

.hash
 *(.hash)

.dynsym
 *(.dynsym)

.dynstr
 *(.dynstr)

.gnu.version
 *(.gnu.version)

.gnu.version_d
 *(.gnu.version_d)

.gnu.version_r
 *(.gnu.version_r)

.rel.dyn
 *(.rel.init)
 *(.rel.text .rel.text.* .rel.gnu.linkonce.t.*)
 *(.rel.fini)
 *(.rel.rodata .rel.rodata.* .rel.gnu.linkonce.r.*)
 *(.rel.data.rel.ro*)
 *(.rel.data .rel.data.* .rel.gnu.linkonce.d.*)
 *(.rel.tdata .rel.tdata.* .rel.gnu.linkonce.td.*)
 *(.rel.tbss .rel.tbss.* .rel.gnu.linkonce.tb.*)
 *(.rel.ctors)
 *(.rel.dtors)
 *(.rel.got)
 *(.rel.sdata .rel.sdata.* .rel.gnu.linkonce.s.*)
 *(.rel.sbss .rel.sbss.* .rel.gnu.linkonce.sb.*)
 *(.rel.sdata2 .rel.sdata2.* .rel.gnu.linkonce.s2.*)
 *(.rel.sbss2 .rel.sbss2.* .rel.gnu.linkonce.sb2.*)
 *(.rel.bss .rel.bss.* .rel.gnu.linkonce.b.*)

.rela.dyn       0x0000000000010200        0x0
 *(.rela.init)
 *(.rela.text .rela.text.* .rela.gnu.linkonce.t.*)
 *(.rela.fini)
 *(.rela.rodata .rela.rodata.* .rela.gnu.linkonce.r.*)
 .rela.rodata._ZTVSt9bad_alloc
                0x0000000000000000        0x0 linker stubs
 .rela.rodata._ZTVSt9exception
                0x0000000000000000        0x0 linker stubs
 .rela.rodata._ZTVSt13bad_exception
                0x0000000000000000        0x0 linker stubs
 .rela.rodata._ZTVSt9type_info
                0x0000000000000000        0x0 linker stubs
 *(.rela.data .rela.data.* .rela.gnu.linkonce.d.*)
 .rela.data.rel.ro._ZTISt9bad_alloc
                0x0000000000000000        0x0 linker stubs
 .rela.data.rel.ro._ZTISt9exception
                0x0000000000000000        0x0 linker stubs
 .rela.data.rel.ro._ZTISt13bad_exception
                0x0000000000000000        0x0 linker stubs
 .rela.data.rel.ro._ZTIN10__cxxabiv115__forced_unwindE
                0x0000000000000000        0x0 linker stubs
 .rela.data.rel.ro._ZTIN10__cxxabiv119__foreign_exceptionE
                0x0000000000000000        0x0 linker stubs
 .rela.data.rel.ro._ZTVN10__cxxabiv115__forced_unwindE
                0x0000000000000000        0x0 linker stubs
 .rela.data.rel.ro._ZTVN10__cxxabiv119__foreign_exceptionE
                0x0000000000000000        0x0 linker stubs
 .rela.data.rel.ro._ZTIN10__cxxabiv120__si_class_type_infoE
                0x0000000000000000        0x0 linker stubs
 .rela.data.rel.ro._ZTVN10__cxxabiv120__si_class_type_infoE
                0x0000000000000000        0x0 linker stubs
 .rela.data.rel.ro._ZTISt9type_info
                0x0000000000000000        0x0 linker stubs
 .rela.data.DW.ref.__gxx_personality_v0
                0x0000000000000000        0x0 linker stubs
 .rela.data.rel._ZN10__cxxabiv119__terminate_handlerE
                0x0000000000000000        0x0 linker stubs
 .rela.data.rel.ro._ZTIN10__cxxabiv117__class_type_infoE
                0x0000000000000000        0x0 linker stubs
 .rela.data.rel.ro._ZTVN10__cxxabiv117__class_type_infoE
                0x0000000000000000        0x0 linker stubs
 .rela.data.DW.ref._ZTISt9exception
                0x0000000000000000        0x0 linker stubs
 *(.rela.tdata .rela.tdata.* .rela.gnu.linkonce.td.*)
 *(.rela.tbss .rela.tbss.* .rela.gnu.linkonce.tb.*)
 *(.rela.ctors)
 *(.rela.dtors)
 *(.rela.got)
 *(.rela.toc)
 .rela.toc      0x0000000000000000        0x0 linker stubs
 *(.rela.sdata .rela.sdata.* .rela.gnu.linkonce.s.*)
 *(.rela.sbss .rela.sbss.* .rela.gnu.linkonce.sb.*)
 *(.rela.sdata2 .rela.sdata2.* .rela.gnu.linkonce.s2.*)
 *(.rela.sbss2 .rela.sbss2.* .rela.gnu.linkonce.sb2.*)
 *(.rela.bss .rela.bss.* .rela.gnu.linkonce.b.*)
 .rela.iplt     0x0000000000000000        0x0 linker stubs
 .rela.sys_proc_prx_param
                0x0000000000000000        0x0 linker stubs
 .rela.eh_frame
                0x0000000000000000        0x0 linker stubs
 .rela.gcc_except_table._ZN9__gnu_cxx27__verbose_terminate_handlerEv
                0x0000000000000000        0x0 linker stubs

.rel.plt
 *(.rel.plt)

.rela.plt
 *(.rela.plt)

.rela.tocbss
 *(.rela.tocbss)

.init           0x0000000000010200       0x2c
 *(.init)
 .init          0x0000000000010200        0xc /usr/local/ps3dev/ppu/lib/gcc/powerpc64-ps3-elf/7.2.0/../../../../powerpc64-ps3-elf/lib/lv2-crti.o
                0x0000000000010200                ._init
 .init          0x000000000001020c        0x8 /usr/local/ps3dev/ppu/lib/gcc/powerpc64-ps3-elf/7.2.0/crtbegin.o
 .init          0x0000000000010214        0x8 /usr/local/ps3dev/ppu/lib/gcc/powerpc64-ps3-elf/7.2.0/crtend.o
 .init          0x000000000001021c       0x10 /usr/local/ps3dev/ppu/lib/gcc/powerpc64-ps3-elf/7.2.0/../../../../powerpc64-ps3-elf/lib/lv2-crtn.o

.text           0x0000000000010230    0x43ac4
 *(.text .stub .text.* .gnu.linkonce.t.*)
 .text          0x0000000000010230        0x0 /usr/local/ps3dev/ppu/lib/gcc/powerpc64-ps3-elf/7.2.0/../../../../powerpc64-ps3-elf/lib/lv2-crti.o
 .text          0x0000000000010230        0x0 /usr/local/ps3dev/ppu/lib/gcc/powerpc64-ps3-elf/7.2.0/crtbegin.o
 .text.deregister_tm_clones
                0x0000000000010230       0x54 /usr/local/ps3dev/ppu/lib/gcc/powerpc64-ps3-elf/7.2.0/crtbegin.o
 *fill*         0x0000000000010284        0x4 60000000
 .text.register_tm_clones
                0x0000000000010288       0x60 /usr/local/ps3dev/ppu/lib/gcc/powerpc64-ps3-elf/7.2.0/crtbegin.o
 .text.__do_global_dtors_aux
                0x00000000000102e8       0xd4 /usr/local/ps3dev/ppu/lib/gcc/powerpc64-ps3-elf/7.2.0/crtbegin.o
 *fill*         0x00000000000103bc        0x4 60000000
 .text.frame_dummy
                0x00000000000103c0       0x38 /usr/local/ps3dev/ppu/lib/gcc/powerpc64-ps3-elf/7.2.0/crtbegin.o
 .text          0x00000000000103f8       0x58 /usr/local/ps3dev/ppu/lib/gcc/powerpc64-ps3-elf/7.2.0/../../../../powerpc64-ps3-elf/lib/lv2-crt0.o
                0x00000000000103f8                ._start
 .text.startup.__syscalls_init
                0x0000000000010450      0x180 /usr/local/ps3dev/ppu/lib/gcc/powerpc64-ps3-elf/7.2.0/../../../../powerpc64-ps3-elf/lib/lv2-crt0.o
 .text._initialize
                0x00000000000105d0       0x40 /usr/local/ps3dev/ppu/lib/gcc/powerpc64-ps3-elf/7.2.0/../../../../powerpc64-ps3-elf/lib/lv2-crt0.o
 .text          0x0000000000010610        0x0 /usr/local/ps3dev/ppu/lib/gcc/powerpc64-ps3-elf/7.2.0/../../../../powerpc64-ps3-elf/lib/lv2-sprx.o
 .text          0x0000000000010610        0x0 etr_vp.vpo.o
 .text          0x0000000000010610        0x0 etr_fp.fpo.o
 .text          0x0000000000010610        0x0 main.o
 .text.sysTtyWrite
                0x0000000000010610       0x80 main.o
 .text.rsxAddressToOffset
                0x0000000000010690       0x54 main.o
 .text._ZN10Vectormath10floatInVecC2EDv4_fi
                0x00000000000106e4       0x88 main.o
 .text._ZNK10Vectormath10floatInVeccvfEv
                0x000000000001076c       0x34 main.o
 .text._ZN10Vectormath3Aos7Vector3C2Ev
                0x00000000000107a0       0x38 main.o
 .text._ZN10Vectormath3Aos7Vector4C2Ev
                0x00000000000107d8       0x38 main.o
 .text._ZN10Vectormath3Aos7Matrix4C2Ev
                0x0000000000010810       0x88 main.o
 .text._ZN10Vectormath3Aos10Transform3C2Ev
                0x0000000000010898       0x88 main.o
 .text._ZL12_vmathVfDot3Dv4_fS_
                0x0000000000010920       0xf8 main.o
 .text._ZL13_vmathVfCrossDv4_fS_
                0x0000000000010a18      0x14c main.o
 .text._ZL14_vmathVfInsertDv4_fS_i
                0x0000000000010b64       0xb0 main.o
 .text._ZN10Vectormath3Aos7Vector3C2Efff
                0x0000000000010c14       0x7c main.o
 .text._ZN10Vectormath3Aos7Vector3C2EDv4_f
                0x0000000000010c90       0x4c main.o
 .text._ZNK10Vectormath3Aos7Vector36get128Ev
                0x0000000000010cdc       0x34 main.o
 .text._ZN10Vectormath3Aos7Vector3aSES1_
                0x0000000000010d10       0x50 main.o
 .text._ZNK10Vectormath3Aos7Vector34getXEv
                0x0000000000010d60       0x5c main.o
 .text._ZNK10Vectormath3Aos7Vector34getYEv
                0x0000000000010dbc       0x5c main.o
 .text._ZNK10Vectormath3Aos7Vector34getZEv
                0x0000000000010e18       0x5c main.o
 .text._ZN10Vectormath3Aos9normalizeENS0_7Vector3E
                0x0000000000010e74       0xe8 main.o
 .text._ZN10Vectormath3Aos5crossENS0_7Vector3ES1_
                0x0000000000010f5c       0xac main.o
 .text._ZN10Vectormath3Aos7Vector4C2Effff
                0x0000000000011008       0x80 main.o
 .text._ZN10Vectormath3Aos7Vector4C2ENS0_7Vector3Ef
                0x0000000000011088       0x74 main.o
 .text._ZN10Vectormath3Aos7Vector4C2ENS0_7Vector3E
                0x00000000000110fc       0x8c main.o
 .text._ZN10Vectormath3Aos7Vector4C2ENS0_6Point3E
                0x0000000000011188       0x90 main.o
 .text._ZN10Vectormath3Aos7Vector4C2EDv4_f
                0x0000000000011218       0x4c main.o
 .text._ZNK10Vectormath3Aos7Vector46get128Ev
                0x0000000000011264       0x34 main.o
 .text._ZN10Vectormath3Aos7Vector4aSES1_
                0x0000000000011298       0x50 main.o
 .text._ZNK10Vectormath3Aos7Vector46getXYZEv
                0x00000000000112e8       0x58 main.o
 .text._ZNK10Vectormath3Aos7Vector44getXEv
                0x0000000000011340       0x5c main.o
 .text._ZNK10Vectormath3Aos7Vector44getYEv
                0x000000000001139c       0x5c main.o
 .text._ZNK10Vectormath3Aos7Vector44getZEv
                0x00000000000113f8       0x5c main.o
 .text._ZN10Vectormath3Aos6Point3C2Efff
                0x0000000000011454       0x7c main.o
 .text._ZNK10Vectormath3Aos6Point36get128Ev
                0x00000000000114d0       0x34 main.o
 .text._ZN10Vectormath3Aos6Point3aSES1_
                0x0000000000011504       0x50 main.o
 .text._ZNK10Vectormath3Aos6Point34getXEv
                0x0000000000011554       0x5c main.o
 .text._ZNK10Vectormath3Aos6Point34getYEv
                0x00000000000115b0       0x5c main.o
 .text._ZNK10Vectormath3Aos6Point34getZEv
                0x000000000001160c       0x5c main.o
 .text._ZNK10Vectormath3Aos6Point3miES1_
                0x0000000000011668       0x74 main.o
 .text._ZN10Vectormath3Aos7Matrix4C2ERKNS0_10Transform3E
                0x00000000000116dc      0x1d0 main.o
 .text._ZN10Vectormath3Aos7Matrix4C2ENS0_7Vector4ES2_S2_S2_
                0x00000000000118ac      0x134 main.o
 .text._ZNK10Vectormath3Aos7Matrix47getCol0Ev
                0x00000000000119e0       0x40 main.o
 .text._ZNK10Vectormath3Aos7Matrix47getCol1Ev
                0x0000000000011a20       0x44 main.o
 .text._ZNK10Vectormath3Aos7Matrix47getCol2Ev
                0x0000000000011a64       0x44 main.o
 .text._ZNK10Vectormath3Aos7Matrix47getCol3Ev
                0x0000000000011aa8       0x44 main.o
 .text._ZN10Vectormath3Aos7Matrix4aSERKS1_
                0x0000000000011aec       0xbc main.o
 .text._ZN10Vectormath3Aos9transposeERKNS0_7Matrix4E
                0x0000000000011ba8      0x2cc main.o
 .text._ZN10Vectormath3Aos7inverseERKNS0_7Matrix4E
                0x0000000000011e74      0xa68 main.o
 .text._ZN10Vectormath3Aos12orthoInverseERKNS0_7Matrix4E
                0x00000000000128dc      0x18c main.o
 .text._ZNK10Vectormath3Aos7Matrix4mlENS0_7Vector4E
                0x0000000000012a68      0x1d4 main.o
 .text._ZNK10Vectormath3Aos7Matrix4mlENS0_6Point3E
                0x0000000000012c3c      0x1ac main.o
 .text._ZNK10Vectormath3Aos7Matrix4mlERKS1_
                0x0000000000012de8       0xec main.o
 .text._ZN10Vectormath3Aos7Matrix46lookAtENS0_6Point3ES2_NS0_7Vector3E
                0x0000000000012ed4      0x274 main.o
 .text._ZN10Vectormath3Aos7Matrix411perspectiveEffff
                0x0000000000013148      0x1f4 main.o
 .text._ZN10Vectormath3Aos10Transform3C2ENS0_7Vector3ES2_S2_S2_
                0x000000000001333c      0x134 main.o
 .text._ZN10Vectormath3Aos10Transform37setCol0ENS0_7Vector3E
                0x0000000000013470       0x68 main.o
 .text._ZN10Vectormath3Aos10Transform37setCol1ENS0_7Vector3E
                0x00000000000134d8       0x6c main.o
 .text._ZN10Vectormath3Aos10Transform37setCol2ENS0_7Vector3E
                0x0000000000013544       0x6c main.o
 .text._ZN10Vectormath3Aos10Transform37setCol3ENS0_7Vector3E
                0x00000000000135b0       0x6c main.o
 .text._ZNK10Vectormath3Aos10Transform37getCol0Ev
                0x000000000001361c       0x40 main.o
 .text._ZNK10Vectormath3Aos10Transform37getCol1Ev
                0x000000000001365c       0x44 main.o
 .text._ZNK10Vectormath3Aos10Transform37getCol2Ev
                0x00000000000136a0       0x44 main.o
 .text._ZNK10Vectormath3Aos10Transform37getCol3Ev
                0x00000000000136e4       0x44 main.o
 .text._ZN10Vectormath3Aos12orthoInverseERKNS0_10Transform3E
                0x0000000000013728      0x34c main.o
 .text._ZN9S3DVertexC2Effffffff
                0x0000000000013a74       0xb0 main.o
 .text._ZN11SMeshBufferC2Ev
                0x0000000000013b24       0x74 main.o
 .text._ZN9S3DVertexaSEOS_
                0x0000000000013b98       0x9c main.o
 .text._Z12createSpherefjj
                0x0000000000013c34      0xdd4 main.o
 .text._Z10createQuadf
                0x0000000000014a08      0x2dc main.o
 .text._Z13createBigGridj
                0x0000000000014ce4      0x554 main.o
 .text._Z13makeRotationXf
                0x0000000000015238      0x144 main.o
 .text._Z13makeRotationYf
                0x000000000001537c      0x144 main.o
 .text._Z15makeTranslationfff
                0x00000000000154c0      0x128 main.o
 .text._Z12makeIdentityv
                0x00000000000155e8      0x128 main.o
 .text._ZL8ttyTracePKc
                0x0000000000015710       0x70 main.o
 .text.program_exit_callback
                0x0000000000015780       0x64 main.o
 .text.sysutil_exit_callback
                0x00000000000157e4       0x54 main.o
 .text._ZL12init_texturev
                0x0000000000015838      0x19c main.o
 .text._ZL10setTextureh
                0x00000000000159d4      0x184 main.o
 .text._ZL10setDrawEnvv
                0x0000000000015b58      0x378 main.o
 .text._Z11init_shaderv
                0x0000000000015ed0      0x36c main.o
 .text._ZL8drawMeshP11SMeshBufferRKN10Vectormath3Aos7Matrix4E
                0x000000000001623c      0x624 main.o
 .text._ZL10drawMesh32P11SMeshBufferRKN10Vectormath3Aos7Matrix4E
                0x0000000000016860      0x684 main.o
 .text._Z9drawFramev
                0x0000000000016ee4      0x2c8 main.o
 .text.main     0x00000000000171ac      0x404 main.o
 .text._Z41__static_initialization_and_destruction_0ii
                0x00000000000175b0       0xe4 main.o
 .text._GLOBAL__sub_I___sys_process_param
                0x0000000000017694       0x44 main.o
 .text          0x00000000000176d8        0x0 rsxutil.o
 .text.rsxAddressToOffset
                0x00000000000176d8       0x54 rsxutil.o
 .text._ZL10waitFinishv
                0x000000000001772c       0xd0 rsxutil.o
 .text._ZL11waitRSXIdlev
                0x00000000000177fc       0x9c rsxutil.o
 .text._ZL22initVideoConfigurationv
                0x0000000000017898      0x234 rsxutil.o
 .text._Z15setRenderTargetj
                0x0000000000017acc      0x148 rsxutil.o
 .text._Z11init_screenPvj
                0x0000000000017c14      0x1e0 rsxutil.o
 .text._Z8waitflipv
                0x0000000000017df4       0x74 rsxutil.o
 .text._Z4flipv
                0x0000000000017e68       0xd8 rsxutil.o
 .text          0x0000000000017f40        0x0 /usr/local/ps3dev/ppu/lib/libsimdmath.a(negatef4.o)
 .text.negatef4
                0x0000000000017f40       0x1c /usr/local/ps3dev/ppu/lib/libsimdmath.a(negatef4.o)
 .text          0x0000000000017f5c        0x0 /usr/local/ps3dev/ppu/lib/libsimdmath.a(recipf4.o)
 *fill*         0x0000000000017f5c        0x4 60000000
 .text.recipf4  0x0000000000017f60       0x24 /usr/local/ps3dev/ppu/lib/libsimdmath.a(recipf4.o)
 .text          0x0000000000017f84        0x0 /usr/local/ps3dev/ppu/lib/libsimdmath.a(rsqrtf4.o)
 *fill*         0x0000000000017f84        0x4 60000000
 .text.rsqrtf4  0x0000000000017f88       0x38 /usr/local/ps3dev/ppu/lib/libsimdmath.a(rsqrtf4.o)
 .text          0x0000000000017fc0        0x0 /usr/local/ps3dev/ppu/lib/librsx.a(init.o)
 .text.rsxInit  0x0000000000017fc0       0x9c /usr/local/ps3dev/ppu/lib/librsx.a(init.o)
 *fill*         0x000000000001805c        0x4 60000000
 .text.rsxSetupContextData
                0x0000000000018060       0x48 /usr/local/ps3dev/ppu/lib/librsx.a(init.o)
 .text.rsxSetCurrentBuffer
                0x00000000000180a8       0x48 /usr/local/ps3dev/ppu/lib/librsx.a(init.o)
 .text.rsxSetDefaultCommandBuffer
                0x00000000000180f0       0x50 /usr/local/ps3dev/ppu/lib/librsx.a(init.o)
 .text.rsxSetUserCallback
                0x0000000000018140       0x18 /usr/local/ps3dev/ppu/lib/librsx.a(init.o)
 .text.rsxGetCurrentBuffer
                0x0000000000018158       0x1c /usr/local/ps3dev/ppu/lib/librsx.a(init.o)
 .text          0x0000000000018174        0x0 /usr/local/ps3dev/ppu/lib/librsx.a(buffer.o)
 *fill*         0x0000000000018174        0x4 60000000
 .text.rsxResetCommandBufferUnsafe
                0x0000000000018178       0x80 /usr/local/ps3dev/ppu/lib/librsx.a(buffer.o)
 .text.rsxFlushBufferUnsafe
                0x00000000000181f8       0x78 /usr/local/ps3dev/ppu/lib/librsx.a(buffer.o)
 .text.rsxFinishUnsafe
                0x0000000000018270       0x84 /usr/local/ps3dev/ppu/lib/librsx.a(buffer.o)
 *fill*         0x00000000000182f4        0x4 60000000
 .text.rsxResetCommandBuffer
                0x00000000000182f8       0x80 /usr/local/ps3dev/ppu/lib/librsx.a(buffer.o)
 .text.rsxFlushBuffer
                0x0000000000018378       0x10 /usr/local/ps3dev/ppu/lib/librsx.a(buffer.o)
 .text.rsxFinish
                0x0000000000018388       0x84 /usr/local/ps3dev/ppu/lib/librsx.a(buffer.o)
 .text          0x000000000001840c        0x0 /usr/local/ps3dev/ppu/lib/librsx.a(commands.o)
 *fill*         0x000000000001840c        0x4 60000000
 .text.rsxSetReturnCommandUnsafe
                0x0000000000018410       0x24 /usr/local/ps3dev/ppu/lib/librsx.a(commands.o)
 *fill*         0x0000000000018434        0x4 60000000
 .text.rsxSetCallCommandUnsafe
                0x0000000000018438       0x24 /usr/local/ps3dev/ppu/lib/librsx.a(commands.o)
 *fill*         0x000000000001845c        0x4 60000000
 .text.rsxSetJumpCommandUnsafe
                0x0000000000018460       0x24 /usr/local/ps3dev/ppu/lib/librsx.a(commands.o)
 *fill*         0x0000000000018484        0x4 60000000
 .text.rsxSetNopCommandUnsafe
                0x0000000000018488       0x98 /usr/local/ps3dev/ppu/lib/librsx.a(commands.o)
 .text.rsxSetSkipNopUnsafe
                0x0000000000018520       0x34 /usr/local/ps3dev/ppu/lib/librsx.a(commands.o)
 *fill*         0x0000000000018554        0x4 60000000
 .text.rsxSetClearColorUnsafe
                0x0000000000018558       0x2c /usr/local/ps3dev/ppu/lib/librsx.a(commands.o)
 *fill*         0x0000000000018584        0x4 60000000
 .text.rsxSetClearDepthStencilUnsafe
                0x0000000000018588       0x2c /usr/local/ps3dev/ppu/lib/librsx.a(commands.o)
 *fill*         0x00000000000185b4        0x4 60000000
 .text.rsxSetReferenceCommandUnsafe
                0x00000000000185b8       0x2c /usr/local/ps3dev/ppu/lib/librsx.a(commands.o)
 *fill*         0x00000000000185e4        0x4 60000000
 .text.rsxSetWriteBackendLabelUnsafe
                0x00000000000185e8       0x58 /usr/local/ps3dev/ppu/lib/librsx.a(commands.o)
 .text.rsxSetWriteTextureLabelUnsafe
                0x0000000000018640       0x40 /usr/local/ps3dev/ppu/lib/librsx.a(commands.o)
 .text.rsxSetWaitLabelUnsafe
                0x0000000000018680       0x40 /usr/local/ps3dev/ppu/lib/librsx.a(commands.o)
 .text.rsxSetWriteCommandLabelUnsafe
                0x00000000000186c0       0x40 /usr/local/ps3dev/ppu/lib/librsx.a(commands.o)
 .text.rsxSetSurfaceUnsafe
                0x0000000000018700      0x1cc /usr/local/ps3dev/ppu/lib/librsx.a(commands.o)
 *fill*         0x00000000000188cc        0x4 60000000
 .text.rsxSetColorMaskUnsafe
                0x00000000000188d0       0x2c /usr/local/ps3dev/ppu/lib/librsx.a(commands.o)
 *fill*         0x00000000000188fc        0x4 60000000
 .text.rsxSetColorMaskMrtUnsafe
                0x0000000000018900       0x2c /usr/local/ps3dev/ppu/lib/librsx.a(commands.o)
 *fill*         0x000000000001892c        0x4 60000000
 .text.rsxSetShadeModelUnsafe
                0x0000000000018930       0x2c /usr/local/ps3dev/ppu/lib/librsx.a(commands.o)
 *fill*         0x000000000001895c        0x4 60000000
 .text.rsxSetViewportUnsafe
                0x0000000000018960      0x108 /usr/local/ps3dev/ppu/lib/librsx.a(commands.o)
 .text.rsxSetViewportClipUnsafe
                0x0000000000018a68       0x44 /usr/local/ps3dev/ppu/lib/librsx.a(commands.o)
 *fill*         0x0000000000018aac        0x4 60000000
 .text.rsxSetUserClipPlaneControlUnsafe
                0x0000000000018ab0       0x54 /usr/local/ps3dev/ppu/lib/librsx.a(commands.o)
 *fill*         0x0000000000018b04        0x4 60000000
 .text.rsxSetDepthTestEnableUnsafe
                0x0000000000018b08       0x2c /usr/local/ps3dev/ppu/lib/librsx.a(commands.o)
 *fill*         0x0000000000018b34        0x4 60000000
 .text.rsxSetDepthFuncUnsafe
                0x0000000000018b38       0x2c /usr/local/ps3dev/ppu/lib/librsx.a(commands.o)
 *fill*         0x0000000000018b64        0x4 60000000
 .text.rsxSetDepthWriteEnableUnsafe
                0x0000000000018b68       0x2c /usr/local/ps3dev/ppu/lib/librsx.a(commands.o)
 *fill*         0x0000000000018b94        0x4 60000000
 .text.rsxSetDepthFormatUnsafe
                0x0000000000018b98       0x34 /usr/local/ps3dev/ppu/lib/librsx.a(commands.o)
 *fill*         0x0000000000018bcc        0x4 60000000
 .text.rsxSetCullFaceEnableUnsafe
                0x0000000000018bd0       0x2c /usr/local/ps3dev/ppu/lib/librsx.a(commands.o)
 *fill*         0x0000000000018bfc        0x4 60000000
 .text.rsxSetCullFaceUnsafe
                0x0000000000018c00       0x2c /usr/local/ps3dev/ppu/lib/librsx.a(commands.o)
 *fill*         0x0000000000018c2c        0x4 60000000
 .text.rsxSetFrontFaceUnsafe
                0x0000000000018c30       0x2c /usr/local/ps3dev/ppu/lib/librsx.a(commands.o)
 *fill*         0x0000000000018c5c        0x4 60000000
 .text.rsxSetFrontPolygonModeUnsafe
                0x0000000000018c60       0x2c /usr/local/ps3dev/ppu/lib/librsx.a(commands.o)
 *fill*         0x0000000000018c8c        0x4 60000000
 .text.rsxSetBackPolygonModeUnsafe
                0x0000000000018c90       0x2c /usr/local/ps3dev/ppu/lib/librsx.a(commands.o)
 *fill*         0x0000000000018cbc        0x4 60000000
 .text.rsxSetPolygonOffsetFillEnableUnsafe
                0x0000000000018cc0       0x2c /usr/local/ps3dev/ppu/lib/librsx.a(commands.o)
 *fill*         0x0000000000018cec        0x4 60000000
 .text.rsxSetPolygonOffsetUnsafe
                0x0000000000018cf0       0x40 /usr/local/ps3dev/ppu/lib/librsx.a(commands.o)
 .text.rsxSetPolygonOffsetLineEnableUnsafe
                0x0000000000018d30       0x2c /usr/local/ps3dev/ppu/lib/librsx.a(commands.o)
 *fill*         0x0000000000018d5c        0x4 60000000
 .text.rsxClearSurfaceUnsafe
                0x0000000000018d60       0x3c /usr/local/ps3dev/ppu/lib/librsx.a(commands.o)
 *fill*         0x0000000000018d9c        0x4 60000000
 .text.rsxSetCylindricalWrapUnsafe
                0x0000000000018da0       0x2c /usr/local/ps3dev/ppu/lib/librsx.a(commands.o)
 *fill*         0x0000000000018dcc        0x4 60000000
 .text.rsxSetTwoSideLightEnableUnsafe
                0x0000000000018dd0       0x2c /usr/local/ps3dev/ppu/lib/librsx.a(commands.o)
 *fill*         0x0000000000018dfc        0x4 60000000
 .text.rsxSetStencilFuncUnsafe
                0x0000000000018e00       0x34 /usr/local/ps3dev/ppu/lib/librsx.a(commands.o)
 *fill*         0x0000000000018e34        0x4 60000000
 .text.rsxSetStencilMaskUnsafe
                0x0000000000018e38       0x2c /usr/local/ps3dev/ppu/lib/librsx.a(commands.o)
 *fill*         0x0000000000018e64        0x4 60000000
 .text.rsxSetStencilOpUnsafe
                0x0000000000018e68       0x34 /usr/local/ps3dev/ppu/lib/librsx.a(commands.o)
 *fill*         0x0000000000018e9c        0x4 60000000
 .text.rsxSetStencilTestEnableUnsafe
                0x0000000000018ea0       0x2c /usr/local/ps3dev/ppu/lib/librsx.a(commands.o)
 *fill*         0x0000000000018ecc        0x4 60000000
 .text.rsxSetBackStencilFuncUnsafe
                0x0000000000018ed0       0x34 /usr/local/ps3dev/ppu/lib/librsx.a(commands.o)
 *fill*         0x0000000000018f04        0x4 60000000
 .text.rsxSetBackStencilMaskUnsafe
                0x0000000000018f08       0x2c /usr/local/ps3dev/ppu/lib/librsx.a(commands.o)
 *fill*         0x0000000000018f34        0x4 60000000
 .text.rsxSetBackStencilOpUnsafe
                0x0000000000018f38       0x34 /usr/local/ps3dev/ppu/lib/librsx.a(commands.o)
 *fill*         0x0000000000018f6c        0x4 60000000
 .text.rsxSetTwoSidedStencilTestEnableUnsafe
                0x0000000000018f70       0x2c /usr/local/ps3dev/ppu/lib/librsx.a(commands.o)
 *fill*         0x0000000000018f9c        0x4 60000000
 .text.rsxSetRenderEnableUnsafe
                0x0000000000018fa0       0x70 /usr/local/ps3dev/ppu/lib/librsx.a(commands.o)
 .text.rsxSetReportUnsafe
                0x0000000000019010       0x38 /usr/local/ps3dev/ppu/lib/librsx.a(commands.o)
 .text.rsxSetClearReportUnsafe
                0x0000000000019048       0x2c /usr/local/ps3dev/ppu/lib/librsx.a(commands.o)
 *fill*         0x0000000000019074        0x4 60000000
 .text.rsxSetZPixelCountEnableUnsafe
                0x0000000000019078       0x2c /usr/local/ps3dev/ppu/lib/librsx.a(commands.o)
 *fill*         0x00000000000190a4        0x4 60000000
 .text.rsxSetSCullControlUnsafe
                0x00000000000190a8       0x3c /usr/local/ps3dev/ppu/lib/librsx.a(commands.o)
 *fill*         0x00000000000190e4        0x4 60000000
 .text.rsxSetZCullLimitUnsafe
                0x00000000000190e8       0x34 /usr/local/ps3dev/ppu/lib/librsx.a(commands.o)
 *fill*         0x000000000001911c        0x4 60000000
 .text.rsxSetZCullStatsEnableUnsafe
                0x0000000000019120       0x2c /usr/local/ps3dev/ppu/lib/librsx.a(commands.o)
 *fill*         0x000000000001914c        0x4 60000000
 .text.rsxSetZCullControlUnsafe
                0x0000000000019150       0x34 /usr/local/ps3dev/ppu/lib/librsx.a(commands.o)
 *fill*         0x0000000000019184        0x4 60000000
 .text.rsxSetClearZCullSurfaceUnsafe
                0x0000000000019188       0x34 /usr/local/ps3dev/ppu/lib/librsx.a(commands.o)
 *fill*         0x00000000000191bc        0x4 60000000
 .text.rsxSetZCullEnableUnsafe
                0x00000000000191c0       0x34 /usr/local/ps3dev/ppu/lib/librsx.a(commands.o)
 *fill*         0x00000000000191f4        0x4 60000000
 .text.rsxSetZCullInvalidateUnsafe
                0x00000000000191f8       0x2c /usr/local/ps3dev/ppu/lib/librsx.a(commands.o)
 *fill*         0x0000000000019224        0x4 60000000
 .text.rsxSetPolygonSmoothEnableUnsafe
                0x0000000000019228       0x2c /usr/local/ps3dev/ppu/lib/librsx.a(commands.o)
 *fill*         0x0000000000019254        0x4 60000000
 .text.rsxSetDitherEnableUnsafe
                0x0000000000019258       0x2c /usr/local/ps3dev/ppu/lib/librsx.a(commands.o)
 *fill*         0x0000000000019284        0x4 60000000
 .text.rsxLoadVertexProgramBlockUnsafe
                0x0000000000019288      0x2ac /usr/local/ps3dev/ppu/lib/librsx.a(commands.o)
 *fill*         0x0000000000019534        0x4 60000000
 .text.rsxLoadFragmentProgramLocationUnsafe
                0x0000000000019538      0x16c /usr/local/ps3dev/ppu/lib/librsx.a(commands.o)
 *fill*         0x00000000000196a4        0x4 60000000
 .text.rsxUpdateFragmentProgramLocationUnsafe
                0x00000000000196a8       0x38 /usr/local/ps3dev/ppu/lib/librsx.a(commands.o)
 .text.rsxSetFragmentProgramControlUnsafe
                0x00000000000196e0       0x54 /usr/local/ps3dev/ppu/lib/librsx.a(commands.o)
 *fill*         0x0000000000019734        0x4 60000000
 .text.rsxLoadVertexProgramParameterBlockUnsafe
                0x0000000000019738      0x290 /usr/local/ps3dev/ppu/lib/librsx.a(commands.o)
 .text.rsxLoadVertexProgramUnsafe
                0x00000000000199c8       0xec /usr/local/ps3dev/ppu/lib/librsx.a(commands.o)
 *fill*         0x0000000000019ab4        0x4 60000000
 .text.rsxSetVertexProgramParameterUnsafe
                0x0000000000019ab8      0x218 /usr/local/ps3dev/ppu/lib/librsx.a(commands.o)
 .text.rsxSetVertexProgramConstantsUnsafe
                0x0000000000019cd0      0x210 /usr/local/ps3dev/ppu/lib/librsx.a(commands.o)
 .text.rsxSetVertexAttribOutputMaskUnsafe
                0x0000000000019ee0       0x2c /usr/local/ps3dev/ppu/lib/librsx.a(commands.o)
 *fill*         0x0000000000019f0c        0x4 60000000
 .text.rsxSetFragmentProgramGammaEnableUnsafe
                0x0000000000019f10       0x2c /usr/local/ps3dev/ppu/lib/librsx.a(commands.o)
 *fill*         0x0000000000019f3c        0x4 60000000
 .text.rsxDrawVertexBeginUnsafe
                0x0000000000019f40       0x2c /usr/local/ps3dev/ppu/lib/librsx.a(commands.o)
 *fill*         0x0000000000019f6c        0x4 60000000
 .text.rsxDrawVertexEndUnsafe
                0x0000000000019f70       0x2c /usr/local/ps3dev/ppu/lib/librsx.a(commands.o)
 *fill*         0x0000000000019f9c        0x4 60000000
 .text.rsxDrawVertex1fUnsafe
                0x0000000000019fa0       0x38 /usr/local/ps3dev/ppu/lib/librsx.a(commands.o)
 .text.rsxDrawVertex2fUnsafe
                0x0000000000019fd8       0x40 /usr/local/ps3dev/ppu/lib/librsx.a(commands.o)
 .text.rsxDrawVertex3fUnsafe
                0x000000000001a018       0x48 /usr/local/ps3dev/ppu/lib/librsx.a(commands.o)
 .text.rsxDrawVertex4fUnsafe
                0x000000000001a060       0x48 /usr/local/ps3dev/ppu/lib/librsx.a(commands.o)
 .text.rsxDrawVertex4sUnsafe
                0x000000000001a0a8       0x5c /usr/local/ps3dev/ppu/lib/librsx.a(commands.o)
 *fill*         0x000000000001a104        0x4 60000000
 .text.rsxDrawVertexScaled4sUnsafe
                0x000000000001a108       0x5c /usr/local/ps3dev/ppu/lib/librsx.a(commands.o)
 *fill*         0x000000000001a164        0x4 60000000
 .text.rsxDrawVertex2sUnsafe
                0x000000000001a168       0x44 /usr/local/ps3dev/ppu/lib/librsx.a(commands.o)
 *fill*         0x000000000001a1ac        0x4 60000000
 .text.rsxDrawVertex4ubUnsafe
                0x000000000001a1b0       0x34 /usr/local/ps3dev/ppu/lib/librsx.a(commands.o)
 *fill*         0x000000000001a1e4        0x4 60000000
 .text.rsxSetFrequencyDividerOperationUnsafe
                0x000000000001a1e8       0x2c /usr/local/ps3dev/ppu/lib/librsx.a(commands.o)
 *fill*         0x000000000001a214        0x4 60000000
 .text.rsxInvalidateVertexCacheUnsafe
                0x000000000001a218       0x44 /usr/local/ps3dev/ppu/lib/librsx.a(commands.o)
 *fill*         0x000000000001a25c        0x4 60000000
 .text.rsxInvalidateTextureCacheUnsafe
                0x000000000001a260       0x2c /usr/local/ps3dev/ppu/lib/librsx.a(commands.o)
 *fill*         0x000000000001a28c        0x4 60000000
 .text.rsxLoadTextureUnsafe
                0x000000000001a290       0xc0 /usr/local/ps3dev/ppu/lib/librsx.a(commands.o)
 .text.rsxLoadVertexTextureUnsafe
                0x000000000001a350       0x8c /usr/local/ps3dev/ppu/lib/librsx.a(commands.o)
 *fill*         0x000000000001a3dc        0x4 60000000
 .text.rsxTextureControlUnsafe
                0x000000000001a3e0       0x4c /usr/local/ps3dev/ppu/lib/librsx.a(commands.o)
 *fill*         0x000000000001a42c        0x4 60000000
 .text.rsxVertexTextureControlUnsafe
                0x000000000001a430       0x44 /usr/local/ps3dev/ppu/lib/librsx.a(commands.o)
 *fill*         0x000000000001a474        0x4 60000000
 .text.rsxTextureFilterUnsafe
                0x000000000001a478       0x44 /usr/local/ps3dev/ppu/lib/librsx.a(commands.o)
 *fill*         0x000000000001a4bc        0x4 60000000
 .text.rsxVertexTextureFilterUnsafe
                0x000000000001a4c0       0x30 /usr/local/ps3dev/ppu/lib/librsx.a(commands.o)
 .text.rsxTextureWrapModeUnsafe
                0x000000000001a4f0       0x58 /usr/local/ps3dev/ppu/lib/librsx.a(commands.o)
 .text.rsxVertexTextureWrapModeUnsafe
                0x000000000001a548       0x38 /usr/local/ps3dev/ppu/lib/librsx.a(commands.o)
 .text.rsxTextureBorderColorUnsafe
                0x000000000001a580       0x30 /usr/local/ps3dev/ppu/lib/librsx.a(commands.o)
 .text.rsxVertexTextureBorderColorUnsafe
                0x000000000001a5b0       0x30 /usr/local/ps3dev/ppu/lib/librsx.a(commands.o)
 .text.rsxTextureOptimizationUnsafe
                0x000000000001a5e0       0x44 /usr/local/ps3dev/ppu/lib/librsx.a(commands.o)
 *fill*         0x000000000001a624        0x4 60000000
 .text.rsxTextureAnisoSpreadUnsafe
                0x000000000001a628       0x5c /usr/local/ps3dev/ppu/lib/librsx.a(commands.o)
 *fill*         0x000000000001a684        0x4 60000000
 .text.rsxSetZMinMaxControlUnsafe
                0x000000000001a688       0x3c /usr/local/ps3dev/ppu/lib/librsx.a(commands.o)
 *fill*         0x000000000001a6c4        0x4 60000000
 .text.rsxSetDepthBoundsTestEnableUnsafe
                0x000000000001a6c8       0x2c /usr/local/ps3dev/ppu/lib/librsx.a(commands.o)
 *fill*         0x000000000001a6f4        0x4 60000000
 .text.rsxSetDepthBoundsUnsafe
                0x000000000001a6f8       0x40 /usr/local/ps3dev/ppu/lib/librsx.a(commands.o)
 .text.rsxBindVertexArrayAttribUnsafe
                0x000000000001a738       0x60 /usr/local/ps3dev/ppu/lib/librsx.a(commands.o)
 .text.rsxDrawVertexArrayUnsafe
                0x000000000001a798      0x1e4 /usr/local/ps3dev/ppu/lib/librsx.a(commands.o)
 *fill*         0x000000000001a97c        0x4 60000000
 .text.rsxDrawInlineVertexArrayUnsafe
                0x000000000001a980      0x1a0 /usr/local/ps3dev/ppu/lib/librsx.a(commands.o)
 .text.rsxDrawIndexArrayUnsafe
                0x000000000001ab20      0x23c /usr/local/ps3dev/ppu/lib/librsx.a(commands.o)
 *fill*         0x000000000001ad5c        0x4 60000000
 .text.rsxDrawInlineIndexArray16Unsafe
                0x000000000001ad60      0x208 /usr/local/ps3dev/ppu/lib/librsx.a(commands.o)
 .text.rsxDrawInlineIndexArray32Unsafe
                0x000000000001af68      0x1a8 /usr/local/ps3dev/ppu/lib/librsx.a(commands.o)
 .text.rsxSetRestartIndexEnableUnsafe
                0x000000000001b110       0x2c /usr/local/ps3dev/ppu/lib/librsx.a(commands.o)
 *fill*         0x000000000001b13c        0x4 60000000
 .text.rsxSetRestartIndexUnsafe
                0x000000000001b140       0x2c /usr/local/ps3dev/ppu/lib/librsx.a(commands.o)
 *fill*         0x000000000001b16c        0x4 60000000
 .text.rsxSetScissorUnsafe
                0x000000000001b170       0x40 /usr/local/ps3dev/ppu/lib/librsx.a(commands.o)
 .text.rsxSetAntialiasingControlUnsafe
                0x000000000001b1b0       0x44 /usr/local/ps3dev/ppu/lib/librsx.a(commands.o)
 *fill*         0x000000000001b1f4        0x4 60000000
 .text.rsxInlineTransferUnsafe
                0x000000000001b1f8      0x18c /usr/local/ps3dev/ppu/lib/librsx.a(commands.o)
 *fill*         0x000000000001b384        0x4 60000000
 .text.rsxSetFragmentProgramParameterUnsafe
                0x000000000001b388      0x5d8 /usr/local/ps3dev/ppu/lib/librsx.a(commands.o)
 .text.rsxSetAlphaFuncUnsafe
                0x000000000001b960       0x30 /usr/local/ps3dev/ppu/lib/librsx.a(commands.o)
 .text.rsxSetAlphaTestEnableUnsafe
                0x000000000001b990       0x2c /usr/local/ps3dev/ppu/lib/librsx.a(commands.o)
 *fill*         0x000000000001b9bc        0x4 60000000
 .text.rsxSetBlendFuncUnsafe
                0x000000000001b9c0       0x40 /usr/local/ps3dev/ppu/lib/librsx.a(commands.o)
 .text.rsxSetBlendEquationUnsafe
                0x000000000001ba00       0x34 /usr/local/ps3dev/ppu/lib/librsx.a(commands.o)
 *fill*         0x000000000001ba34        0x4 60000000
 .text.rsxSetBlendColorUnsafe
                0x000000000001ba38       0x3c /usr/local/ps3dev/ppu/lib/librsx.a(commands.o)
 *fill*         0x000000000001ba74        0x4 60000000
 .text.rsxSetBlendEnableUnsafe
                0x000000000001ba78       0x2c /usr/local/ps3dev/ppu/lib/librsx.a(commands.o)
 *fill*         0x000000000001baa4        0x4 60000000
 .text.rsxSetBlendOptimizationUnsafe
                0x000000000001baa8       0x2c /usr/local/ps3dev/ppu/lib/librsx.a(commands.o)
 *fill*         0x000000000001bad4        0x4 60000000
 .text.rsxSetBlendEnableMrtUnsafe
                0x000000000001bad8       0x40 /usr/local/ps3dev/ppu/lib/librsx.a(commands.o)
 .text.rsxSetLogicOpUnsafe
                0x000000000001bb18       0x2c /usr/local/ps3dev/ppu/lib/librsx.a(commands.o)
 *fill*         0x000000000001bb44        0x4 60000000
 .text.rsxSetLogicOpEnableUnsafe
                0x000000000001bb48       0x2c /usr/local/ps3dev/ppu/lib/librsx.a(commands.o)
 *fill*         0x000000000001bb74        0x4 60000000
 .text.rsxSetFogModeUnsafe
                0x000000000001bb78       0x2c /usr/local/ps3dev/ppu/lib/librsx.a(commands.o)
 *fill*         0x000000000001bba4        0x4 60000000
 .text.rsxSetFogParamsUnsafe
                0x000000000001bba8       0x40 /usr/local/ps3dev/ppu/lib/librsx.a(commands.o)
 .text.rsxSetTransformBranchBitsUnsafe
                0x000000000001bbe8       0x2c /usr/local/ps3dev/ppu/lib/librsx.a(commands.o)
 *fill*         0x000000000001bc14        0x4 60000000
 .text.rsxSetPointSpriteControlUnsafe
                0x000000000001bc18       0x48 /usr/local/ps3dev/ppu/lib/librsx.a(commands.o)
 .text.rsxSetPointSizeUnsafe
                0x000000000001bc60       0x34 /usr/local/ps3dev/ppu/lib/librsx.a(commands.o)
 *fill*         0x000000000001bc94        0x4 60000000
 .text.rsxSetTransferDataUnsafe
                0x000000000001bc98      0x1a4 /usr/local/ps3dev/ppu/lib/librsx.a(commands.o)
 *fill*         0x000000000001be3c        0x4 60000000
 .text.rsxSetTransferDataModeUnsafe
                0x000000000001be40       0x70 /usr/local/ps3dev/ppu/lib/librsx.a(commands.o)
 .text.rsxSetTransferDataOffsetUnsafe
                0x000000000001beb0       0x5c /usr/local/ps3dev/ppu/lib/librsx.a(commands.o)
 *fill*         0x000000000001bf0c        0x4 60000000
 .text.rsxSetTransferDataFormatUnsafe
                0x000000000001bf10       0x44 /usr/local/ps3dev/ppu/lib/librsx.a(commands.o)
 *fill*         0x000000000001bf54        0x4 60000000
 .text.rsxSetTransferImageUnsafe
                0x000000000001bf58      0x4ac /usr/local/ps3dev/ppu/lib/librsx.a(commands.o)
 *fill*         0x000000000001c404        0x4 60000000
 .text.rsxSetTransferScaleModeUnsafe
                0x000000000001c408       0xe8 /usr/local/ps3dev/ppu/lib/librsx.a(commands.o)
 .text.rsxSetTransferScaleSurfaceUnsafe
                0x000000000001c4f0      0x140 /usr/local/ps3dev/ppu/lib/librsx.a(commands.o)
 .text.rsxSetTransferScaleSwizzleUnsafe
                0x000000000001c630      0x140 /usr/local/ps3dev/ppu/lib/librsx.a(commands.o)
 .text.rsxSetTimeStampUnsafe
                0x000000000001c770       0x34 /usr/local/ps3dev/ppu/lib/librsx.a(commands.o)
 *fill*         0x000000000001c7a4        0x4 60000000
 .text.rsxSetWaitForIdleUnsafe
                0x000000000001c7a8       0x2c /usr/local/ps3dev/ppu/lib/librsx.a(commands.o)
 *fill*         0x000000000001c7d4        0x4 60000000
 .text.rsxContextCallback
                0x000000000001c7d8       0x50 /usr/local/ps3dev/ppu/lib/librsx.a(commands.o)
 .text.rsxSetReturnCommand
                0x000000000001c828       0x90 /usr/local/ps3dev/ppu/lib/librsx.a(commands.o)
 .text.rsxSetCallCommand
                0x000000000001c8b8       0x9c /usr/local/ps3dev/ppu/lib/librsx.a(commands.o)
 *fill*         0x000000000001c954        0x4 60000000
 .text.rsxSetJumpCommand
                0x000000000001c958       0x9c /usr/local/ps3dev/ppu/lib/librsx.a(commands.o)
 *fill*         0x000000000001c9f4        0x4 60000000
 .text.rsxSetNopCommand
                0x000000000001c9f8      0x118 /usr/local/ps3dev/ppu/lib/librsx.a(commands.o)
 .text.rsxSetSkipNop
                0x000000000001cb10       0xc0 /usr/local/ps3dev/ppu/lib/librsx.a(commands.o)
 .text.rsxSetClearColor
                0x000000000001cbd0       0xa4 /usr/local/ps3dev/ppu/lib/librsx.a(commands.o)
 *fill*         0x000000000001cc74        0x4 60000000
 .text.rsxSetClearDepthStencil
                0x000000000001cc78       0xa4 /usr/local/ps3dev/ppu/lib/librsx.a(commands.o)
 *fill*         0x000000000001cd1c        0x4 60000000
 .text.rsxSetReferenceCommand
                0x000000000001cd20       0xa4 /usr/local/ps3dev/ppu/lib/librsx.a(commands.o)
 *fill*         0x000000000001cdc4        0x4 60000000
 .text.rsxSetWriteBackendLabel
                0x000000000001cdc8       0xd8 /usr/local/ps3dev/ppu/lib/librsx.a(commands.o)
 .text.rsxSetWriteTextureLabel
                0x000000000001cea0       0xbc /usr/local/ps3dev/ppu/lib/librsx.a(commands.o)
 *fill*         0x000000000001cf5c        0x4 60000000
 .text.rsxSetWaitLabel
                0x000000000001cf60       0xbc /usr/local/ps3dev/ppu/lib/librsx.a(commands.o)
 *fill*         0x000000000001d01c        0x4 60000000
 .text.rsxSetWriteCommandLabel
                0x000000000001d020       0xbc /usr/local/ps3dev/ppu/lib/librsx.a(commands.o)
 *fill*         0x000000000001d0dc        0x4 60000000
 .text.rsxSetSurface
                0x000000000001d0e0      0x254 /usr/local/ps3dev/ppu/lib/librsx.a(commands.o)
 *fill*         0x000000000001d334        0x4 60000000
 .text.rsxSetColorMask
                0x000000000001d338       0xa4 /usr/local/ps3dev/ppu/lib/librsx.a(commands.o)
 *fill*         0x000000000001d3dc        0x4 60000000
 .text.rsxSetColorMaskMrt
                0x000000000001d3e0       0xa4 /usr/local/ps3dev/ppu/lib/librsx.a(commands.o)
 *fill*         0x000000000001d484        0x4 60000000
 .text.rsxSetShadeModel
                0x000000000001d488       0xa4 /usr/local/ps3dev/ppu/lib/librsx.a(commands.o)
 *fill*         0x000000000001d52c        0x4 60000000
 .text.rsxSetViewport
                0x000000000001d530      0x1e8 /usr/local/ps3dev/ppu/lib/librsx.a(commands.o)
 .text.rsxSetViewportClip
                0x000000000001d718       0xcc /usr/local/ps3dev/ppu/lib/librsx.a(commands.o)
 *fill*         0x000000000001d7e4        0x4 60000000
 .text.rsxSetUserClipPlaneControl
                0x000000000001d7e8       0xf4 /usr/local/ps3dev/ppu/lib/librsx.a(commands.o)
 *fill*         0x000000000001d8dc        0x4 60000000
 .text.rsxSetDepthTestEnable
                0x000000000001d8e0       0xa4 /usr/local/ps3dev/ppu/lib/librsx.a(commands.o)
 *fill*         0x000000000001d984        0x4 60000000
 .text.rsxSetDepthFunc
                0x000000000001d988       0xa4 /usr/local/ps3dev/ppu/lib/librsx.a(commands.o)
 *fill*         0x000000000001da2c        0x4 60000000
 .text.rsxSetDepthWriteEnable
                0x000000000001da30       0xa4 /usr/local/ps3dev/ppu/lib/librsx.a(commands.o)
 *fill*         0x000000000001dad4        0x4 60000000
 .text.rsxSetDepthFormat
                0x000000000001dad8       0xac /usr/local/ps3dev/ppu/lib/librsx.a(commands.o)
 *fill*         0x000000000001db84        0x4 60000000
 .text.rsxSetCullFaceEnable
                0x000000000001db88       0xa4 /usr/local/ps3dev/ppu/lib/librsx.a(commands.o)
 *fill*         0x000000000001dc2c        0x4 60000000
 .text.rsxSetCullFace
                0x000000000001dc30       0xa4 /usr/local/ps3dev/ppu/lib/librsx.a(commands.o)
 *fill*         0x000000000001dcd4        0x4 60000000
 .text.rsxSetFrontFace
                0x000000000001dcd8       0xa4 /usr/local/ps3dev/ppu/lib/librsx.a(commands.o)
 *fill*         0x000000000001dd7c        0x4 60000000
 .text.rsxSetFrontPolygonMode
                0x000000000001dd80       0xa4 /usr/local/ps3dev/ppu/lib/librsx.a(commands.o)
 *fill*         0x000000000001de24        0x4 60000000
 .text.rsxSetBackPolygonMode
                0x000000000001de28       0xa4 /usr/local/ps3dev/ppu/lib/librsx.a(commands.o)
 *fill*         0x000000000001decc        0x4 60000000
 .text.rsxSetPolygonOffsetFillEnable
                0x000000000001ded0       0xa4 /usr/local/ps3dev/ppu/lib/librsx.a(commands.o)
 *fill*         0x000000000001df74        0x4 60000000
 .text.rsxSetPolygonOffset
                0x000000000001df78       0xc0 /usr/local/ps3dev/ppu/lib/librsx.a(commands.o)
 .text.rsxSetPolygonOffsetLineEnable
                0x000000000001e038       0xa4 /usr/local/ps3dev/ppu/lib/librsx.a(commands.o)
 *fill*         0x000000000001e0dc        0x4 60000000
 .text.rsxClearSurface
                0x000000000001e0e0       0xb4 /usr/local/ps3dev/ppu/lib/librsx.a(commands.o)
 *fill*         0x000000000001e194        0x4 60000000
 .text.rsxSetCylindricalWrap
                0x000000000001e198       0xa4 /usr/local/ps3dev/ppu/lib/librsx.a(commands.o)
 *fill*         0x000000000001e23c        0x4 60000000
 .text.rsxSetTwoSideLightEnable
                0x000000000001e240       0xa4 /usr/local/ps3dev/ppu/lib/librsx.a(commands.o)
 *fill*         0x000000000001e2e4        0x4 60000000
 .text.rsxSetStencilFunc
                0x000000000001e2e8       0xbc /usr/local/ps3dev/ppu/lib/librsx.a(commands.o)
 *fill*         0x000000000001e3a4        0x4 60000000
 .text.rsxSetStencilMask
                0x000000000001e3a8       0xa4 /usr/local/ps3dev/ppu/lib/librsx.a(commands.o)
 *fill*         0x000000000001e44c        0x4 60000000
 .text.rsxSetStencilOp
                0x000000000001e450       0xbc /usr/local/ps3dev/ppu/lib/librsx.a(commands.o)
 *fill*         0x000000000001e50c        0x4 60000000
 .text.rsxSetStencilTestEnable
                0x000000000001e510       0xa4 /usr/local/ps3dev/ppu/lib/librsx.a(commands.o)
 *fill*         0x000000000001e5b4        0x4 60000000
 .text.rsxSetBackStencilFunc
                0x000000000001e5b8       0xbc /usr/local/ps3dev/ppu/lib/librsx.a(commands.o)
 *fill*         0x000000000001e674        0x4 60000000
 .text.rsxSetBackStencilMask
                0x000000000001e678       0xa4 /usr/local/ps3dev/ppu/lib/librsx.a(commands.o)
 *fill*         0x000000000001e71c        0x4 60000000
 .text.rsxSetBackStencilOp
                0x000000000001e720       0xbc /usr/local/ps3dev/ppu/lib/librsx.a(commands.o)
 *fill*         0x000000000001e7dc        0x4 60000000
 .text.rsxSetTwoSidedStencilTestEnable
                0x000000000001e7e0       0xa4 /usr/local/ps3dev/ppu/lib/librsx.a(commands.o)
 *fill*         0x000000000001e884        0x4 60000000
 .text.rsxSetRenderEnable
                0x000000000001e888      0x124 /usr/local/ps3dev/ppu/lib/librsx.a(commands.o)
 *fill*         0x000000000001e9ac        0x4 60000000
 .text.rsxSetReport
                0x000000000001e9b0       0xc0 /usr/local/ps3dev/ppu/lib/librsx.a(commands.o)
 .text.rsxSetClearReport
                0x000000000001ea70       0xa4 /usr/local/ps3dev/ppu/lib/librsx.a(commands.o)
 *fill*         0x000000000001eb14        0x4 60000000
 .text.rsxSetZPixelCountEnable
                0x000000000001eb18       0xa4 /usr/local/ps3dev/ppu/lib/librsx.a(commands.o)
 *fill*         0x000000000001ebbc        0x4 60000000
 .text.rsxSetSCullControl
                0x000000000001ebc0       0xc4 /usr/local/ps3dev/ppu/lib/librsx.a(commands.o)
 *fill*         0x000000000001ec84        0x4 60000000
 .text.rsxSetZCullLimit
                0x000000000001ec88       0xb4 /usr/local/ps3dev/ppu/lib/librsx.a(commands.o)
 *fill*         0x000000000001ed3c        0x4 60000000
 .text.rsxSetZCullStatsEnable
                0x000000000001ed40       0xa4 /usr/local/ps3dev/ppu/lib/librsx.a(commands.o)
 *fill*         0x000000000001ede4        0x4 60000000
 .text.rsxSetZCullControl
                0x000000000001ede8       0xb4 /usr/local/ps3dev/ppu/lib/librsx.a(commands.o)
 *fill*         0x000000000001ee9c        0x4 60000000
 .text.rsxSetClearZCullSurface
                0x000000000001eea0       0xb4 /usr/local/ps3dev/ppu/lib/librsx.a(commands.o)
 *fill*         0x000000000001ef54        0x4 60000000
 .text.rsxSetZCullEnable
                0x000000000001ef58       0xb4 /usr/local/ps3dev/ppu/lib/librsx.a(commands.o)
 *fill*         0x000000000001f00c        0x4 60000000
 .text.rsxSetZCullInvalidate
                0x000000000001f010       0x98 /usr/local/ps3dev/ppu/lib/librsx.a(commands.o)
 .text.rsxSetPolygonSmoothEnable
                0x000000000001f0a8       0xa4 /usr/local/ps3dev/ppu/lib/librsx.a(commands.o)
 *fill*         0x000000000001f14c        0x4 60000000
 .text.rsxSetDitherEnable
                0x000000000001f150       0xa4 /usr/local/ps3dev/ppu/lib/librsx.a(commands.o)
 *fill*         0x000000000001f1f4        0x4 60000000
 .text.rsxLoadVertexProgramBlock
                0x000000000001f1f8      0x384 /usr/local/ps3dev/ppu/lib/librsx.a(commands.o)
 *fill*         0x000000000001f57c        0x4 60000000
 .text.rsxLoadFragmentProgramLocation
                0x000000000001f580      0x228 /usr/local/ps3dev/ppu/lib/librsx.a(commands.o)
 .text.rsxUpdateFragmentProgramLocation
                0x000000000001f7a8       0xbc /usr/local/ps3dev/ppu/lib/librsx.a(commands.o)
 *fill*         0x000000000001f864        0x4 60000000
 .text.rsxSetFragmentProgramControl
                0x000000000001f868       0xd4 /usr/local/ps3dev/ppu/lib/librsx.a(commands.o)
 *fill*         0x000000000001f93c        0x4 60000000
 .text.rsxLoadVertexProgramParameterBlock
                0x000000000001f940      0x320 /usr/local/ps3dev/ppu/lib/librsx.a(commands.o)
 .text.rsxLoadVertexProgram
                0x000000000001fc60       0xec /usr/local/ps3dev/ppu/lib/librsx.a(commands.o)
 *fill*         0x000000000001fd4c        0x4 60000000
 .text.rsxSetVertexProgramParameter
                0x000000000001fd50      0x218 /usr/local/ps3dev/ppu/lib/librsx.a(commands.o)
 .text.rsxSetVertexProgramConstants
                0x000000000001ff68      0x29c /usr/local/ps3dev/ppu/lib/librsx.a(commands.o)
 *fill*         0x0000000000020204        0x4 60000000
 .text.rsxSetVertexAttribOutputMask
                0x0000000000020208       0xa4 /usr/local/ps3dev/ppu/lib/librsx.a(commands.o)
 *fill*         0x00000000000202ac        0x4 60000000
 .text.rsxSetFragmentProgramGammaEnable
                0x00000000000202b0       0xa4 /usr/local/ps3dev/ppu/lib/librsx.a(commands.o)
 *fill*         0x0000000000020354        0x4 60000000
 .text.rsxDrawVertexBegin
                0x0000000000020358       0xa4 /usr/local/ps3dev/ppu/lib/librsx.a(commands.o)
 *fill*         0x00000000000203fc        0x4 60000000
 .text.rsxDrawVertexEnd
                0x0000000000020400       0x98 /usr/local/ps3dev/ppu/lib/librsx.a(commands.o)
 .text.rsxDrawVertex1f
                0x0000000000020498       0xc0 /usr/local/ps3dev/ppu/lib/librsx.a(commands.o)
 .text.rsxDrawVertex2f
                0x0000000000020558       0xbc /usr/local/ps3dev/ppu/lib/librsx.a(commands.o)
 *fill*         0x0000000000020614        0x4 60000000
 .text.rsxDrawVertex3f
                0x0000000000020618       0xbc /usr/local/ps3dev/ppu/lib/librsx.a(commands.o)
 *fill*         0x00000000000206d4        0x4 60000000
 .text.rsxDrawVertex4f
                0x00000000000206d8       0xbc /usr/local/ps3dev/ppu/lib/librsx.a(commands.o)
 *fill*         0x0000000000020794        0x4 60000000
 .text.rsxDrawVertex4s
                0x0000000000020798       0xdc /usr/local/ps3dev/ppu/lib/librsx.a(commands.o)
 *fill*         0x0000000000020874        0x4 60000000
 .text.rsxDrawVertexScaled4s
                0x0000000000020878       0xdc /usr/local/ps3dev/ppu/lib/librsx.a(commands.o)
 *fill*         0x0000000000020954        0x4 60000000
 .text.rsxDrawVertex2s
                0x0000000000020958       0xc4 /usr/local/ps3dev/ppu/lib/librsx.a(commands.o)
 *fill*         0x0000000000020a1c        0x4 60000000
 .text.rsxDrawVertex4ub
                0x0000000000020a20       0xb4 /usr/local/ps3dev/ppu/lib/librsx.a(commands.o)
 *fill*         0x0000000000020ad4        0x4 60000000
 .text.rsxSetFrequencyDividerOperation
                0x0000000000020ad8       0xa4 /usr/local/ps3dev/ppu/lib/librsx.a(commands.o)
 *fill*         0x0000000000020b7c        0x4 60000000
 .text.rsxInvalidateVertexCache
                0x0000000000020b80       0xb0 /usr/local/ps3dev/ppu/lib/librsx.a(commands.o)
 .text.rsxInvalidateTextureCache
                0x0000000000020c30       0xa4 /usr/local/ps3dev/ppu/lib/librsx.a(commands.o)
 *fill*         0x0000000000020cd4        0x4 60000000
 .text.rsxLoadTexture
                0x0000000000020cd8      0x144 /usr/local/ps3dev/ppu/lib/librsx.a(commands.o)
 *fill*         0x0000000000020e1c        0x4 60000000
 .text.rsxLoadVertexTexture
                0x0000000000020e20      0x134 /usr/local/ps3dev/ppu/lib/librsx.a(commands.o)
 *fill*         0x0000000000020f54        0x4 60000000
 .text.rsxTextureControl
                0x0000000000020f58       0xe4 /usr/local/ps3dev/ppu/lib/librsx.a(commands.o)
 *fill*         0x000000000002103c        0x4 60000000
 .text.rsxVertexTextureControl
                0x0000000000021040       0xd4 /usr/local/ps3dev/ppu/lib/librsx.a(commands.o)
 *fill*         0x0000000000021114        0x4 60000000
 .text.rsxTextureFilter
                0x0000000000021118       0xdc /usr/local/ps3dev/ppu/lib/librsx.a(commands.o)
 *fill*         0x00000000000211f4        0x4 60000000
 .text.rsxVertexTextureFilter
                0x00000000000211f8       0xb4 /usr/local/ps3dev/ppu/lib/librsx.a(commands.o)
 *fill*         0x00000000000212ac        0x4 60000000
 .text.rsxTextureWrapMode
                0x00000000000212b0      0x104 /usr/local/ps3dev/ppu/lib/librsx.a(commands.o)
 *fill*         0x00000000000213b4        0x4 60000000
 .text.rsxVertexTextureWrapMode
                0x00000000000213b8       0xc4 /usr/local/ps3dev/ppu/lib/librsx.a(commands.o)
 *fill*         0x000000000002147c        0x4 60000000
 .text.rsxTextureBorderColor
                0x0000000000021480       0xb4 /usr/local/ps3dev/ppu/lib/librsx.a(commands.o)
 *fill*         0x0000000000021534        0x4 60000000
 .text.rsxVertexTextureBorderColor
                0x0000000000021538       0xb4 /usr/local/ps3dev/ppu/lib/librsx.a(commands.o)
 *fill*         0x00000000000215ec        0x4 60000000
 .text.rsxTextureOptimization
                0x00000000000215f0       0xd4 /usr/local/ps3dev/ppu/lib/librsx.a(commands.o)
 *fill*         0x00000000000216c4        0x4 60000000
 .text.rsxTextureAnisoSpread
                0x00000000000216c8       0xe0 /usr/local/ps3dev/ppu/lib/librsx.a(commands.o)
 .text.rsxSetZMinMaxControl
                0x00000000000217a8       0xc4 /usr/local/ps3dev/ppu/lib/librsx.a(commands.o)
 *fill*         0x000000000002186c        0x4 60000000
 .text.rsxSetDepthBoundsTestEnable
                0x0000000000021870       0xa4 /usr/local/ps3dev/ppu/lib/librsx.a(commands.o)
 *fill*         0x0000000000021914        0x4 60000000
 .text.rsxSetDepthBounds
                0x0000000000021918       0xc0 /usr/local/ps3dev/ppu/lib/librsx.a(commands.o)
 .text.rsxBindVertexArrayAttrib
                0x00000000000219d8      0x10c /usr/local/ps3dev/ppu/lib/librsx.a(commands.o)
 *fill*         0x0000000000021ae4        0x4 60000000
 .text.rsxDrawVertexArray
                0x0000000000021ae8      0x2ec /usr/local/ps3dev/ppu/lib/librsx.a(commands.o)
 *fill*         0x0000000000021dd4        0x4 60000000
 .text.rsxDrawInlineVertexArray
                0x0000000000021dd8      0x294 /usr/local/ps3dev/ppu/lib/librsx.a(commands.o)
 *fill*         0x000000000002206c        0x4 60000000
 .text.rsxDrawIndexArray
                0x0000000000022070      0x398 /usr/local/ps3dev/ppu/lib/librsx.a(commands.o)
 .text.rsxDrawInlineIndexArray16
                0x0000000000022408      0x334 /usr/local/ps3dev/ppu/lib/librsx.a(commands.o)
 *fill*         0x000000000002273c        0x4 60000000
 .text.rsxDrawInlineIndexArray32
                0x0000000000022740      0x29c /usr/local/ps3dev/ppu/lib/librsx.a(commands.o)
 *fill*         0x00000000000229dc        0x4 60000000
 .text.rsxSetRestartIndexEnable
                0x00000000000229e0       0xa4 /usr/local/ps3dev/ppu/lib/librsx.a(commands.o)
 *fill*         0x0000000000022a84        0x4 60000000
 .text.rsxSetRestartIndex
                0x0000000000022a88       0xa4 /usr/local/ps3dev/ppu/lib/librsx.a(commands.o)
 *fill*         0x0000000000022b2c        0x4 60000000
 .text.rsxSetScissor
                0x0000000000022b30       0xd4 /usr/local/ps3dev/ppu/lib/librsx.a(commands.o)
 *fill*         0x0000000000022c04        0x4 60000000
 .text.rsxSetAntialiasingControl
                0x0000000000022c08       0xd4 /usr/local/ps3dev/ppu/lib/librsx.a(commands.o)
 *fill*         0x0000000000022cdc        0x4 60000000
 .text.rsxInlineTransfer
                0x0000000000022ce0      0x23c /usr/local/ps3dev/ppu/lib/librsx.a(commands.o)
 *fill*         0x0000000000022f1c        0x4 60000000
 .text.rsxSetFragmentProgramParameter
                0x0000000000022f20      0x5d8 /usr/local/ps3dev/ppu/lib/librsx.a(commands.o)
 .text.rsxSetAlphaFunc
                0x00000000000234f8       0xb4 /usr/local/ps3dev/ppu/lib/librsx.a(commands.o)
 *fill*         0x00000000000235ac        0x4 60000000
 .text.rsxSetAlphaTestEnable
                0x00000000000235b0       0xa4 /usr/local/ps3dev/ppu/lib/librsx.a(commands.o)
 *fill*         0x0000000000023654        0x4 60000000
 .text.rsxSetBlendFunc
                0x0000000000023658       0xd4 /usr/local/ps3dev/ppu/lib/librsx.a(commands.o)
 *fill*         0x000000000002372c        0x4 60000000
 .text.rsxSetBlendEquation
                0x0000000000023730       0xb4 /usr/local/ps3dev/ppu/lib/librsx.a(commands.o)
 *fill*         0x00000000000237e4        0x4 60000000
 .text.rsxSetBlendColor
                0x00000000000237e8       0xbc /usr/local/ps3dev/ppu/lib/librsx.a(commands.o)
 *fill*         0x00000000000238a4        0x4 60000000
 .text.rsxSetBlendEnable
                0x00000000000238a8       0xa4 /usr/local/ps3dev/ppu/lib/librsx.a(commands.o)
 *fill*         0x000000000002394c        0x4 60000000
 .text.rsxSetBlendOptimization
                0x0000000000023950       0xa4 /usr/local/ps3dev/ppu/lib/librsx.a(commands.o)
 *fill*         0x00000000000239f4        0x4 60000000
 .text.rsxSetBlendEnableMrt
                0x00000000000239f8       0xcc /usr/local/ps3dev/ppu/lib/librsx.a(commands.o)
 *fill*         0x0000000000023ac4        0x4 60000000
 .text.rsxSetLogicOp
                0x0000000000023ac8       0xa4 /usr/local/ps3dev/ppu/lib/librsx.a(commands.o)
 *fill*         0x0000000000023b6c        0x4 60000000
 .text.rsxSetLogicOpEnable
                0x0000000000023b70       0xa4 /usr/local/ps3dev/ppu/lib/librsx.a(commands.o)
 *fill*         0x0000000000023c14        0x4 60000000
 .text.rsxSetFogMode
                0x0000000000023c18       0xa4 /usr/local/ps3dev/ppu/lib/librsx.a(commands.o)
 *fill*         0x0000000000023cbc        0x4 60000000
 .text.rsxSetFogParams
                0x0000000000023cc0       0xc0 /usr/local/ps3dev/ppu/lib/librsx.a(commands.o)
 .text.rsxSetTransformBranchBits
                0x0000000000023d80       0xa4 /usr/local/ps3dev/ppu/lib/librsx.a(commands.o)
 *fill*         0x0000000000023e24        0x4 60000000
 .text.rsxSetPointSpriteControl
                0x0000000000023e28       0xd4 /usr/local/ps3dev/ppu/lib/librsx.a(commands.o)
 *fill*         0x0000000000023efc        0x4 60000000
 .text.rsxSetPointSize
                0x0000000000023f00       0xac /usr/local/ps3dev/ppu/lib/librsx.a(commands.o)
 *fill*         0x0000000000023fac        0x4 60000000
 .text.rsxSetTransferData
                0x0000000000023fb0      0x244 /usr/local/ps3dev/ppu/lib/librsx.a(commands.o)
 *fill*         0x00000000000241f4        0x4 60000000
 .text.rsxSetConvertSwizzleFormatUnsafe
                0x00000000000241f8      0x7a8 /usr/local/ps3dev/ppu/lib/librsx.a(commands.o)
 .text.rsxSetTransferDataMode
                0x00000000000249a0       0xec /usr/local/ps3dev/ppu/lib/librsx.a(commands.o)
 *fill*         0x0000000000024a8c        0x4 60000000
 .text.rsxSetTransferDataOffset
                0x0000000000024a90      0x12c /usr/local/ps3dev/ppu/lib/librsx.a(commands.o)
 *fill*         0x0000000000024bbc        0x4 60000000
 .text.rsxSetTransferDataFormat
                0x0000000000024bc0       0xe4 /usr/local/ps3dev/ppu/lib/librsx.a(commands.o)
 *fill*         0x0000000000024ca4        0x4 60000000
 .text.rsxSetTransferImage
                0x0000000000024ca8      0x43c /usr/local/ps3dev/ppu/lib/librsx.a(commands.o)
 *fill*         0x00000000000250e4        0x4 60000000
 .text.rsxSetTransferScaleMode
                0x00000000000250e8      0x178 /usr/local/ps3dev/ppu/lib/librsx.a(commands.o)
 .text.rsxSetTransferScaleSurface
                0x0000000000025260      0x1bc /usr/local/ps3dev/ppu/lib/librsx.a(commands.o)
 *fill*         0x000000000002541c        0x4 60000000
 .text.rsxSetTransferScaleSwizzle
                0x0000000000025420      0x1bc /usr/local/ps3dev/ppu/lib/librsx.a(commands.o)
 *fill*         0x00000000000255dc        0x4 60000000
 .text.rsxSetConvertSwizzleFormat
                0x00000000000255e0      0x750 /usr/local/ps3dev/ppu/lib/librsx.a(commands.o)
 .text.rsxSetTimeStamp
                0x0000000000025d30       0xac /usr/local/ps3dev/ppu/lib/librsx.a(commands.o)
 *fill*         0x0000000000025ddc        0x4 60000000
 .text.rsxSetWaitForIdle
                0x0000000000025de0       0x98 /usr/local/ps3dev/ppu/lib/librsx.a(commands.o)
 .text          0x0000000000025e78        0x0 /usr/local/ps3dev/ppu/lib/librsx.a(mm.o)
 .text.rsxHeapInit
                0x0000000000025e78       0x80 /usr/local/ps3dev/ppu/lib/librsx.a(mm.o)
 .text.rsxMemalign
                0x0000000000025ef8       0x58 /usr/local/ps3dev/ppu/lib/librsx.a(mm.o)
 .text.rsxMalloc
                0x0000000000025f50       0x58 /usr/local/ps3dev/ppu/lib/librsx.a(mm.o)
 .text.rsxFree  0x0000000000025fa8       0x48 /usr/local/ps3dev/ppu/lib/librsx.a(mm.o)
 .text          0x0000000000025ff0        0x0 /usr/local/ps3dev/ppu/lib/librsx.a(vertex_program.o)
 .text.rsxVertexProgramGetUCode
                0x0000000000025ff0       0x28 /usr/local/ps3dev/ppu/lib/librsx.a(vertex_program.o)
 .text.rsxVertexProgramGetNumConst
                0x0000000000026018       0x14 /usr/local/ps3dev/ppu/lib/librsx.a(vertex_program.o)
 *fill*         0x000000000002602c        0x4 60000000
 .text.rsxVertexProgramGetNumAttrib
                0x0000000000026030       0x14 /usr/local/ps3dev/ppu/lib/librsx.a(vertex_program.o)
 *fill*         0x0000000000026044        0x4 60000000
 .text.rsxVertexProgramGetConsts
                0x0000000000026048       0x30 /usr/local/ps3dev/ppu/lib/librsx.a(vertex_program.o)
 .text.rsxVertexProgramGetConst
                0x0000000000026078       0x74 /usr/local/ps3dev/ppu/lib/librsx.a(vertex_program.o)
 *fill*         0x00000000000260ec        0x4 60000000
 .text.rsxVertexProgramGetAttribs
                0x00000000000260f0       0x30 /usr/local/ps3dev/ppu/lib/librsx.a(vertex_program.o)
 .text.rsxVertexProgramGetAttrib
                0x0000000000026120       0x30 /usr/local/ps3dev/ppu/lib/librsx.a(vertex_program.o)
 .text          0x0000000000026150        0x0 /usr/local/ps3dev/ppu/lib/librsx.a(fragment_program.o)
 .text.rsxFragmentProgramGetUCode
                0x0000000000026150       0x28 /usr/local/ps3dev/ppu/lib/librsx.a(fragment_program.o)
 .text.rsxFragmentProgramGetNumConst
                0x0000000000026178       0x14 /usr/local/ps3dev/ppu/lib/librsx.a(fragment_program.o)
 *fill*         0x000000000002618c        0x4 60000000
 .text.rsxFragmentProgramGetConsts
                0x0000000000026190       0x30 /usr/local/ps3dev/ppu/lib/librsx.a(fragment_program.o)
 .text.rsxFragmentProgramGetConst
                0x00000000000261c0       0x74 /usr/local/ps3dev/ppu/lib/librsx.a(fragment_program.o)
 *fill*         0x0000000000026234        0x4 60000000
 .text.rsxFragmentProgramGetNumAttrib
                0x0000000000026238       0x14 /usr/local/ps3dev/ppu/lib/librsx.a(fragment_program.o)
 *fill*         0x000000000002624c        0x4 60000000
 .text.rsxFragmentProgramGetAttribs
                0x0000000000026250       0x30 /usr/local/ps3dev/ppu/lib/librsx.a(fragment_program.o)
 .text.rsxFragmentProgramGetAttrib
                0x0000000000026280       0x30 /usr/local/ps3dev/ppu/lib/librsx.a(fragment_program.o)
 .text.rsxFragmentProgramGetConstOffsetTable
                0x00000000000262b0       0x14 /usr/local/ps3dev/ppu/lib/librsx.a(fragment_program.o)
 .text          0x00000000000262c4        0x0 /usr/local/ps3dev/ppu/lib/librsx.a(rsx_internal.o)
 *fill*         0x00000000000262c4        0x4 60000000
 .text.__rsxGetAttrs
                0x00000000000262c8       0x18 /usr/local/ps3dev/ppu/lib/librsx.a(rsx_internal.o)
 .text.__rsxGetAttr
                0x00000000000262e0       0xcc /usr/local/ps3dev/ppu/lib/librsx.a(rsx_internal.o)
 *fill*         0x00000000000263ac        0x4 60000000
 .text.__rsxGetConsts
                0x00000000000263b0       0x18 /usr/local/ps3dev/ppu/lib/librsx.a(rsx_internal.o)
 .text.__rsxGetConstIndex
                0x00000000000263c8       0xbc /usr/local/ps3dev/ppu/lib/librsx.a(rsx_internal.o)
 .text          0x0000000000026484        0x0 /usr/local/ps3dev/ppu/lib/libgcm_sys.a(sprx.o)
 .text          0x0000000000026484        0x0 /usr/local/ps3dev/ppu/lib/libio.a(sprx.o)
 .text          0x0000000000026484        0x0 /usr/local/ps3dev/ppu/lib/libsysutil.a(sprx.o)
 .text          0x0000000000026484        0x0 /usr/local/ps3dev/ppu/lib/libsysutil.a(sysutil_wrapper.o)
 *fill*         0x0000000000026484        0x4 60000000
 .text.sysUtilRegisterCallback
                0x0000000000026488       0x58 /usr/local/ps3dev/ppu/lib/libsysutil.a(sysutil_wrapper.o)
 .text.msgDialogOpen
                0x00000000000264e0       0x58 /usr/local/ps3dev/ppu/lib/libsysutil.a(sysutil_wrapper.o)
 .text.msgDialogOpen2
                0x0000000000026538       0x58 /usr/local/ps3dev/ppu/lib/libsysutil.a(sysutil_wrapper.o)
 .text.msgDialogOpenErrorCode
                0x0000000000026590       0x58 /usr/local/ps3dev/ppu/lib/libsysutil.a(sysutil_wrapper.o)
 .text.sysSaveListLoad2
                0x00000000000265e8       0x74 /usr/local/ps3dev/ppu/lib/libsysutil.a(sysutil_wrapper.o)
 *fill*         0x000000000002665c        0x4 60000000
 .text.sysSaveListSave2
                0x0000000000026660       0x74 /usr/local/ps3dev/ppu/lib/libsysutil.a(sysutil_wrapper.o)
 *fill*         0x00000000000266d4        0x4 60000000
 .text.sysSaveListAutoLoad
                0x00000000000266d8       0x7c /usr/local/ps3dev/ppu/lib/libsysutil.a(sysutil_wrapper.o)
 *fill*         0x0000000000026754        0x4 60000000
 .text.sysSaveListAutoSave
                0x0000000000026758       0x7c /usr/local/ps3dev/ppu/lib/libsysutil.a(sysutil_wrapper.o)
 *fill*         0x00000000000267d4        0x4 60000000
 .text.sysSaveFixedLoad2
                0x00000000000267d8       0x74 /usr/local/ps3dev/ppu/lib/libsysutil.a(sysutil_wrapper.o)
 *fill*         0x000000000002684c        0x4 60000000
 .text.sysSaveFixedSave2
                0x0000000000026850       0x74 /usr/local/ps3dev/ppu/lib/libsysutil.a(sysutil_wrapper.o)
 *fill*         0x00000000000268c4        0x4 60000000
 .text.sysSaveAutoLoad2
                0x00000000000268c8       0x5c /usr/local/ps3dev/ppu/lib/libsysutil.a(sysutil_wrapper.o)
 *fill*         0x0000000000026924        0x4 60000000
 .text.sysSaveAutoSave2
                0x0000000000026928       0x5c /usr/local/ps3dev/ppu/lib/libsysutil.a(sysutil_wrapper.o)
 *fill*         0x0000000000026984        0x4 60000000
 .text.sysGameThemeInstallFromBuffer
                0x0000000000026988       0x58 /usr/local/ps3dev/ppu/lib/libsysutil.a(sysutil_wrapper.o)
 .text.sysDiscRegisterDiscChangeCallback
                0x00000000000269e0       0x5c /usr/local/ps3dev/ppu/lib/libsysutil.a(sysutil_wrapper.o)
 *fill*         0x0000000000026a3c        0x4 60000000
 .text.sysGameDiscRegisterDiscChangeCallback
                0x0000000000026a40       0x10 /usr/local/ps3dev/ppu/lib/libsysutil.a(sysutil_wrapper.o)
 .text.videoRegisterCallback
                0x0000000000026a50       0x58 /usr/local/ps3dev/ppu/lib/libsysutil.a(sysutil_wrapper.o)
 .text          0x0000000000026aa8        0x0 /usr/local/ps3dev/ppu/lib/librt.a(sbrk.o)
 .text.startup.sbrk_init
                0x0000000000026aa8       0xb8 /usr/local/ps3dev/ppu/lib/librt.a(sbrk.o)
 .text.sbrk_deinit
                0x0000000000026b60       0xc8 /usr/local/ps3dev/ppu/lib/librt.a(sbrk.o)
 .text.__librt_sbrk_r
                0x0000000000026c28      0x2f4 /usr/local/ps3dev/ppu/lib/librt.a(sbrk.o)
 .text          0x0000000000026f1c        0x0 /usr/local/ps3dev/ppu/lib/librt.a(exit.o)
 *fill*         0x0000000000026f1c        0x4 60000000
 .text.__librt_exit
                0x0000000000026f20       0x30 /usr/local/ps3dev/ppu/lib/librt.a(exit.o)
 .text          0x0000000000026f50        0x0 /usr/local/ps3dev/ppu/lib/librt.a(close.o)
 .text.__librt_close_r
                0x0000000000026f50       0x88 /usr/local/ps3dev/ppu/lib/librt.a(close.o)
 .text          0x0000000000026fd8        0x0 /usr/local/ps3dev/ppu/lib/librt.a(lseek.o)
 .text.__librt_lseek_r
                0x0000000000026fd8       0x8c /usr/local/ps3dev/ppu/lib/librt.a(lseek.o)
 *fill*         0x0000000000027064        0x4 60000000
 .text.__librt_lseek64_r
                0x0000000000027068       0x10 /usr/local/ps3dev/ppu/lib/librt.a(lseek.o)
 .text          0x0000000000027078        0x0 /usr/local/ps3dev/ppu/lib/librt.a(read.o)
 .text.__librt_read_r
                0x0000000000027078      0x10c /usr/local/ps3dev/ppu/lib/librt.a(read.o)
 .text          0x0000000000027184        0x0 /usr/local/ps3dev/ppu/lib/librt.a(open.o)
 *fill*         0x0000000000027184        0x4 60000000
 .text.__librt_open_r
                0x0000000000027188      0x180 /usr/local/ps3dev/ppu/lib/librt.a(open.o)
 .text          0x0000000000027308        0x0 /usr/local/ps3dev/ppu/lib/librt.a(sleep.o)
 .text.__librt_usleep_r
                0x0000000000027308       0x50 /usr/local/ps3dev/ppu/lib/librt.a(sleep.o)
 .text.__librt_sleep_r
                0x0000000000027358       0x6c /usr/local/ps3dev/ppu/lib/librt.a(sleep.o)
 .text          0x00000000000273c4        0x0 /usr/local/ps3dev/ppu/lib/librt.a(write.o)
 *fill*         0x00000000000273c4        0x4 60000000
 .text.startup.init_stdio_to_net
                0x00000000000273c8       0xac /usr/local/ps3dev/ppu/lib/librt.a(write.o)
 *fill*         0x0000000000027474        0x4 60000000
 .text.__librt_write_r
                0x0000000000027478       0xf0 /usr/local/ps3dev/ppu/lib/librt.a(write.o)
 .text          0x0000000000027568        0x0 /usr/local/ps3dev/ppu/lib/librt.a(fstat.o)
 .text.__librt_fstat_r
                0x0000000000027568       0xd0 /usr/local/ps3dev/ppu/lib/librt.a(fstat.o)
 .text.__librt_fstat64_r
                0x0000000000027638       0x10 /usr/local/ps3dev/ppu/lib/librt.a(fstat.o)
 .text.__librt_stat_r
                0x0000000000027648       0xd0 /usr/local/ps3dev/ppu/lib/librt.a(fstat.o)
 .text.__librt_stat64_r
                0x0000000000027718       0x10 /usr/local/ps3dev/ppu/lib/librt.a(fstat.o)
 .text          0x0000000000027728        0x0 /usr/local/ps3dev/ppu/lib/librt.a(socket.o)
 .text.accept   0x0000000000027728       0xe0 /usr/local/ps3dev/ppu/lib/librt.a(socket.o)
 .text.bind     0x0000000000027808       0x44 /usr/local/ps3dev/ppu/lib/librt.a(socket.o)
 *fill*         0x000000000002784c        0x4 60000000
 .text.connect  0x0000000000027850       0x44 /usr/local/ps3dev/ppu/lib/librt.a(socket.o)
 *fill*         0x0000000000027894        0x4 60000000
 .text.listen   0x0000000000027898       0x44 /usr/local/ps3dev/ppu/lib/librt.a(socket.o)
 *fill*         0x00000000000278dc        0x4 60000000
 .text.socket   0x00000000000278e0       0x5c /usr/local/ps3dev/ppu/lib/librt.a(socket.o)
 *fill*         0x000000000002793c        0x4 60000000
 .text.send     0x0000000000027940       0x4c /usr/local/ps3dev/ppu/lib/librt.a(socket.o)
 *fill*         0x000000000002798c        0x4 60000000
 .text.sendto   0x0000000000027990       0x44 /usr/local/ps3dev/ppu/lib/librt.a(socket.o)
 *fill*         0x00000000000279d4        0x4 60000000
 .text.recv     0x00000000000279d8       0x4c /usr/local/ps3dev/ppu/lib/librt.a(socket.o)
 *fill*         0x0000000000027a24        0x4 60000000
 .text.recvfrom
                0x0000000000027a28       0xd8 /usr/local/ps3dev/ppu/lib/librt.a(socket.o)
 .text.shutdown
                0x0000000000027b00       0x44 /usr/local/ps3dev/ppu/lib/librt.a(socket.o)
 *fill*         0x0000000000027b44        0x4 60000000
 .text.inet_aton
                0x0000000000027b48       0xbc /usr/local/ps3dev/ppu/lib/librt.a(socket.o)
 *fill*         0x0000000000027c04        0x4 60000000
 .text.inet_pton
                0x0000000000027c08       0x48 /usr/local/ps3dev/ppu/lib/librt.a(socket.o)
 .text.select   0x0000000000027c50       0x3c /usr/local/ps3dev/ppu/lib/librt.a(socket.o)
 *fill*         0x0000000000027c8c        0x4 60000000
 .text.closesocket
                0x0000000000027c90       0x44 /usr/local/ps3dev/ppu/lib/librt.a(socket.o)
 .text          0x0000000000027cd4        0x0 /usr/local/ps3dev/ppu/lib/librt.a(lock.o)
 *fill*         0x0000000000027cd4        0x4 60000000
 .text.__librt_sys_lwmutex_create_r
                0x0000000000027cd8       0x38 /usr/local/ps3dev/ppu/lib/librt.a(lock.o)
 .text.__librt_sys_lwmutex_destroy_r
                0x0000000000027d10       0x34 /usr/local/ps3dev/ppu/lib/librt.a(lock.o)
 *fill*         0x0000000000027d44        0x4 60000000
 .text.__librt_sys_lwmutex_lock_r
                0x0000000000027d48       0x38 /usr/local/ps3dev/ppu/lib/librt.a(lock.o)
 .text.__librt_sys_lwmutex_trylock_r
                0x0000000000027d80       0x34 /usr/local/ps3dev/ppu/lib/librt.a(lock.o)
 *fill*         0x0000000000027db4        0x4 60000000
 .text.__librt_sys_lwmutex_unlock_r
                0x0000000000027db8       0x34 /usr/local/ps3dev/ppu/lib/librt.a(lock.o)
 .text          0x0000000000027dec        0x0 /usr/local/ps3dev/ppu/lib/librt.a(dirent.o)
 *fill*         0x0000000000027dec        0x4 60000000
 .text.readdir_i
                0x0000000000027df0      0x10c /usr/local/ps3dev/ppu/lib/librt.a(dirent.o)
 *fill*         0x0000000000027efc        0x4 60000000
 .text.__librt_opendir_r
                0x0000000000027f00      0x114 /usr/local/ps3dev/ppu/lib/librt.a(dirent.o)
 *fill*         0x0000000000028014        0x4 60000000
 .text.__librt_readdir_r
                0x0000000000028018       0x84 /usr/local/ps3dev/ppu/lib/librt.a(dirent.o)
 *fill*         0x000000000002809c        0x4 60000000
 .text.__librt_readdir_r_r
                0x00000000000280a0       0x58 /usr/local/ps3dev/ppu/lib/librt.a(dirent.o)
 .text.__librt_closedir_r
                0x00000000000280f8       0x84 /usr/local/ps3dev/ppu/lib/librt.a(dirent.o)
 *fill*         0x000000000002817c        0x4 60000000
 .text.__librt_telldir_r
                0x0000000000028180       0x24 /usr/local/ps3dev/ppu/lib/librt.a(dirent.o)
 *fill*         0x00000000000281a4        0x4 60000000
 .text.__librt_rewinddir_r
                0x00000000000281a8       0x18 /usr/local/ps3dev/ppu/lib/librt.a(dirent.o)
 .text.__librt_seekdir_r
                0x00000000000281c0       0x18 /usr/local/ps3dev/ppu/lib/librt.a(dirent.o)
 .text          0x00000000000281d8        0x0 /usr/local/ps3dev/ppu/lib/librt.a(mkdir.o)
 .text.__librt_mkdir_r
                0x00000000000281d8       0x60 /usr/local/ps3dev/ppu/lib/librt.a(mkdir.o)
 .text          0x0000000000028238        0x0 /usr/local/ps3dev/ppu/lib/librt.a(times.o)
 .text.__librt_times_r
                0x0000000000028238       0x1c /usr/local/ps3dev/ppu/lib/librt.a(times.o)
 .text          0x0000000000028254        0x0 /usr/local/ps3dev/ppu/lib/librt.a(umask.o)
 *fill*         0x0000000000028254        0x4 60000000
 .text.__librt_umask_r
                0x0000000000028258       0x20 /usr/local/ps3dev/ppu/lib/librt.a(umask.o)
 .text          0x0000000000028278        0x0 /usr/local/ps3dev/ppu/lib/librt.a(lv2errno.o)
 .text.lv2error
                0x0000000000028278      0x434 /usr/local/ps3dev/ppu/lib/librt.a(lv2errno.o)
 *fill*         0x00000000000286ac        0x4 60000000
 .text.lv2errno
                0x00000000000286b0       0x68 /usr/local/ps3dev/ppu/lib/librt.a(lv2errno.o)
 .text.lv2errno_r
                0x0000000000028718       0x58 /usr/local/ps3dev/ppu/lib/librt.a(lv2errno.o)
 .text          0x0000000000028770        0x0 /usr/local/ps3dev/ppu/lib/librt.a(heap.o)
 .text.__heap_block_split.isra.2
                0x0000000000028770      0x104 /usr/local/ps3dev/ppu/lib/librt.a(heap.o)
 *fill*         0x0000000000028874        0x4 60000000
 .text.heapInit
                0x0000000000028878      0x128 /usr/local/ps3dev/ppu/lib/librt.a(heap.o)
 .text.heapAllocateAligned
                0x00000000000289a0      0x230 /usr/local/ps3dev/ppu/lib/librt.a(heap.o)
 .text.heapAllocate
                0x0000000000028bd0       0x14 /usr/local/ps3dev/ppu/lib/librt.a(heap.o)
 *fill*         0x0000000000028be4        0x4 60000000
 .text.heapFree
                0x0000000000028be8      0x1fc /usr/local/ps3dev/ppu/lib/librt.a(heap.o)
 .text          0x0000000000028de4        0x0 /usr/local/ps3dev/ppu/lib/librt.a(chmod.o)
 *fill*         0x0000000000028de4        0x4 60000000
 .text.__librt_chmod_r
                0x0000000000028de8       0x54 /usr/local/ps3dev/ppu/lib/librt.a(chmod.o)
 .text          0x0000000000028e3c        0x0 /usr/local/ps3dev/ppu/lib/librt.a(rename.o)
 *fill*         0x0000000000028e3c        0x4 60000000
 .text.__librt_rename_r
                0x0000000000028e40       0x54 /usr/local/ps3dev/ppu/lib/librt.a(rename.o)
 .text          0x0000000000028e94        0x0 /usr/local/ps3dev/ppu/lib/librt.a(rmdir.o)
 *fill*         0x0000000000028e94        0x4 60000000
 .text.__librt_rmdir_r
                0x0000000000028e98       0x50 /usr/local/ps3dev/ppu/lib/librt.a(rmdir.o)
 .text          0x0000000000028ee8        0x0 /usr/local/ps3dev/ppu/lib/librt.a(isatty.o)
 .text.__librt_isatty_r
                0x0000000000028ee8       0x2c /usr/local/ps3dev/ppu/lib/librt.a(isatty.o)
 .text          0x0000000000028f14        0x0 /usr/local/ps3dev/ppu/lib/librt.a(gettod.o)
 *fill*         0x0000000000028f14        0x4 60000000
 .text.__librt_gettod_r
                0x0000000000028f18       0xb8 /usr/local/ps3dev/ppu/lib/librt.a(gettod.o)
 .text          0x0000000000028fd0        0x0 /usr/local/ps3dev/ppu/lib/librt.a(settod.o)
 .text.__librt_settod_r
                0x0000000000028fd0       0x58 /usr/local/ps3dev/ppu/lib/librt.a(settod.o)
 .text          0x0000000000029028        0x0 /usr/local/ps3dev/ppu/lib/librt.a(unlink.o)
 .text.__librt_unlink_r
                0x0000000000029028       0x50 /usr/local/ps3dev/ppu/lib/librt.a(unlink.o)
 .text          0x0000000000029078        0x0 /usr/local/ps3dev/ppu/lib/librt.a(link.o)
 .text.__librt_link_r
                0x0000000000029078       0x54 /usr/local/ps3dev/ppu/lib/librt.a(link.o)
 .text          0x00000000000290cc        0x0 /usr/local/ps3dev/ppu/lib/librt.a(truncate.o)
 *fill*         0x00000000000290cc        0x4 60000000
 .text.__librt_truncate_r
                0x00000000000290d0       0x54 /usr/local/ps3dev/ppu/lib/librt.a(truncate.o)
 *fill*         0x0000000000029124        0x4 60000000
 .text.__librt_ftruncate_r
                0x0000000000029128       0x54 /usr/local/ps3dev/ppu/lib/librt.a(truncate.o)
 .text          0x000000000002917c        0x0 /usr/local/ps3dev/ppu/lib/librt.a(fsync.o)
 *fill*         0x000000000002917c        0x4 60000000
 .text.__librt_fsync_r
                0x0000000000029180       0x50 /usr/local/ps3dev/ppu/lib/librt.a(fsync.o)
 .text          0x00000000000291d0        0x0 /usr/local/ps3dev/ppu/lib/librt.a(utime.o)
 .text.__librt_utime_r
                0x00000000000291d0       0xbc /usr/local/ps3dev/ppu/lib/librt.a(utime.o)
 .text          0x000000000002928c        0x0 /usr/local/ps3dev/ppu/lib/librt.a(globfile.o)
 *fill*         0x000000000002928c        0x4 60000000
 .text.resolve_path
                0x0000000000029290      0x188 /usr/local/ps3dev/ppu/lib/librt.a(globfile.o)
 .text.flattenDirectory.constprop.0
                0x0000000000029418      0x2d0 /usr/local/ps3dev/ppu/lib/librt.a(globfile.o)
 .text.startup.__glob_file_init
                0x00000000000296e8       0x3c /usr/local/ps3dev/ppu/lib/librt.a(globfile.o)
 *fill*         0x0000000000029724        0x4 60000000
 .text.__full_path
                0x0000000000029728      0x12c /usr/local/ps3dev/ppu/lib/librt.a(globfile.o)
 *fill*         0x0000000000029854        0x4 60000000
 .text.__librt_chdir_r
                0x0000000000029858       0xbc /usr/local/ps3dev/ppu/lib/librt.a(globfile.o)
 *fill*         0x0000000000029914        0x4 60000000
 .text.__librt_getcwd_r
                0x0000000000029918       0xc0 /usr/local/ps3dev/ppu/lib/librt.a(globfile.o)
 .text          0x00000000000299d8        0x0 /usr/local/ps3dev/ppu/lib/liblv2.a(sprx.o)
 .text          0x00000000000299d8        0x0 /usr/local/ps3dev/ppu/lib/gcc/powerpc64-ps3-elf/7.2.0/../../../../powerpc64-ps3-elf/lib/libstdc++.a(new_op.o)
 .text._Znwm    0x00000000000299d8       0xa8 /usr/local/ps3dev/ppu/lib/gcc/powerpc64-ps3-elf/7.2.0/../../../../powerpc64-ps3-elf/lib/libstdc++.a(new_op.o)
 .text          0x0000000000029a80        0x0 /usr/local/ps3dev/ppu/lib/gcc/powerpc64-ps3-elf/7.2.0/../../../../powerpc64-ps3-elf/lib/libstdc++.a(bad_alloc.o)
 .text._ZNKSt9bad_alloc4whatEv
                0x0000000000029a80       0x14 /usr/local/ps3dev/ppu/lib/gcc/powerpc64-ps3-elf/7.2.0/../../../../powerpc64-ps3-elf/lib/libstdc++.a(bad_alloc.o)
 *fill*         0x0000000000029a94        0x4 60000000
 .text._ZNSt9bad_allocD2Ev
                0x0000000000029a98       0x38 /usr/local/ps3dev/ppu/lib/gcc/powerpc64-ps3-elf/7.2.0/../../../../powerpc64-ps3-elf/lib/libstdc++.a(bad_alloc.o)
 .text._ZNSt9bad_allocD0Ev
                0x0000000000029ad0       0x54 /usr/local/ps3dev/ppu/lib/gcc/powerpc64-ps3-elf/7.2.0/../../../../powerpc64-ps3-elf/lib/libstdc++.a(bad_alloc.o)
 .text          0x0000000000029b24        0x0 /usr/local/ps3dev/ppu/lib/gcc/powerpc64-ps3-elf/7.2.0/../../../../powerpc64-ps3-elf/lib/libstdc++.a(eh_exception.o)
 *fill*         0x0000000000029b24        0x4 60000000
 .text._ZNSt9exceptionD2Ev
                0x0000000000029b28       0x10 /usr/local/ps3dev/ppu/lib/gcc/powerpc64-ps3-elf/7.2.0/../../../../powerpc64-ps3-elf/lib/libstdc++.a(eh_exception.o)
 .text._ZNSt13bad_exceptionD2Ev
                0x0000000000029b38       0x10 /usr/local/ps3dev/ppu/lib/gcc/powerpc64-ps3-elf/7.2.0/../../../../powerpc64-ps3-elf/lib/libstdc++.a(eh_exception.o)
 .text._ZNKSt9exception4whatEv
                0x0000000000029b48       0x14 /usr/local/ps3dev/ppu/lib/gcc/powerpc64-ps3-elf/7.2.0/../../../../powerpc64-ps3-elf/lib/libstdc++.a(eh_exception.o)
 *fill*         0x0000000000029b5c        0x4 60000000
 .text._ZNKSt13bad_exception4whatEv
                0x0000000000029b60       0x14 /usr/local/ps3dev/ppu/lib/gcc/powerpc64-ps3-elf/7.2.0/../../../../powerpc64-ps3-elf/lib/libstdc++.a(eh_exception.o)
 *fill*         0x0000000000029b74        0x4 60000000
 .text._ZNSt9exceptionD0Ev
                0x0000000000029b78       0x34 /usr/local/ps3dev/ppu/lib/gcc/powerpc64-ps3-elf/7.2.0/../../../../powerpc64-ps3-elf/lib/libstdc++.a(eh_exception.o)
 *fill*         0x0000000000029bac        0x4 60000000
 .text._ZNSt13bad_exceptionD0Ev
                0x0000000000029bb0       0x34 /usr/local/ps3dev/ppu/lib/gcc/powerpc64-ps3-elf/7.2.0/../../../../powerpc64-ps3-elf/lib/libstdc++.a(eh_exception.o)
 *fill*         0x0000000000029be4        0x4 60000000
 .text._ZN10__cxxabiv115__forced_unwindD2Ev
                0x0000000000029be8       0x10 /usr/local/ps3dev/ppu/lib/gcc/powerpc64-ps3-elf/7.2.0/../../../../powerpc64-ps3-elf/lib/libstdc++.a(eh_exception.o)
 .text._ZN10__cxxabiv115__forced_unwindD0Ev
                0x0000000000029bf8       0x34 /usr/local/ps3dev/ppu/lib/gcc/powerpc64-ps3-elf/7.2.0/../../../../powerpc64-ps3-elf/lib/libstdc++.a(eh_exception.o)
 *fill*         0x0000000000029c2c        0x4 60000000
 .text._ZN10__cxxabiv119__foreign_exceptionD2Ev
                0x0000000000029c30       0x10 /usr/local/ps3dev/ppu/lib/gcc/powerpc64-ps3-elf/7.2.0/../../../../powerpc64-ps3-elf/lib/libstdc++.a(eh_exception.o)
 .text._ZN10__cxxabiv119__foreign_exceptionD0Ev
                0x0000000000029c40       0x34 /usr/local/ps3dev/ppu/lib/gcc/powerpc64-ps3-elf/7.2.0/../../../../powerpc64-ps3-elf/lib/libstdc++.a(eh_exception.o)
 *fill*         0x0000000000029c74        0x4 60000000
 .text._ZGTtNKSt9exceptionD1Ev
                0x0000000000029c78       0x10 /usr/local/ps3dev/ppu/lib/gcc/powerpc64-ps3-elf/7.2.0/../../../../powerpc64-ps3-elf/lib/libstdc++.a(eh_exception.o)
 .text._ZGTtNKSt13bad_exceptionD1Ev
                0x0000000000029c88       0x10 /usr/local/ps3dev/ppu/lib/gcc/powerpc64-ps3-elf/7.2.0/../../../../powerpc64-ps3-elf/lib/libstdc++.a(eh_exception.o)
 .text          0x0000000000029c98        0x0 /usr/local/ps3dev/ppu/lib/gcc/powerpc64-ps3-elf/7.2.0/../../../../powerpc64-ps3-elf/lib/libstdc++.a(si_class_type_info.o)
 .text._ZN10__cxxabiv120__si_class_type_infoD2Ev
                0x0000000000029c98       0x38 /usr/local/ps3dev/ppu/lib/gcc/powerpc64-ps3-elf/7.2.0/../../../../powerpc64-ps3-elf/lib/libstdc++.a(si_class_type_info.o)
 .text._ZN10__cxxabiv120__si_class_type_infoD0Ev
                0x0000000000029cd0       0x54 /usr/local/ps3dev/ppu/lib/gcc/powerpc64-ps3-elf/7.2.0/../../../../powerpc64-ps3-elf/lib/libstdc++.a(si_class_type_info.o)
 *fill*         0x0000000000029d24        0x4 60000000
 .text._ZNK10__cxxabiv120__si_class_type_info20__do_find_public_srcElPKvPKNS_17__class_type_infoES2_
                0x0000000000029d28       0xd4 /usr/local/ps3dev/ppu/lib/gcc/powerpc64-ps3-elf/7.2.0/../../../../powerpc64-ps3-elf/lib/libstdc++.a(si_class_type_info.o)
 *fill*         0x0000000000029dfc        0x4 60000000
 .text._ZNK10__cxxabiv120__si_class_type_info12__do_dyncastElNS_17__class_type_info10__sub_kindEPKS1_PKvS4_S6_RNS1_16__dyncast_resultE
                0x0000000000029e00      0x1cc /usr/local/ps3dev/ppu/lib/gcc/powerpc64-ps3-elf/7.2.0/../../../../powerpc64-ps3-elf/lib/libstdc++.a(si_class_type_info.o)
 *fill*         0x0000000000029fcc        0x4 60000000
 .text._ZNK10__cxxabiv120__si_class_type_info11__do_upcastEPKNS_17__class_type_infoEPKvRNS1_15__upcast_resultE
                0x0000000000029fd0       0xa0 /usr/local/ps3dev/ppu/lib/gcc/powerpc64-ps3-elf/7.2.0/../../../../powerpc64-ps3-elf/lib/libstdc++.a(si_class_type_info.o)
 .text          0x000000000002a070        0x0 /usr/local/ps3dev/ppu/lib/gcc/powerpc64-ps3-elf/7.2.0/../../../../powerpc64-ps3-elf/lib/libstdc++.a(new_handler.o)
 .text._ZSt15set_new_handlerPFvvE
                0x000000000002a070       0x2c /usr/local/ps3dev/ppu/lib/gcc/powerpc64-ps3-elf/7.2.0/../../../../powerpc64-ps3-elf/lib/libstdc++.a(new_handler.o)
 *fill*         0x000000000002a09c        0x4 60000000
 .text._ZSt15get_new_handlerv
                0x000000000002a0a0       0x24 /usr/local/ps3dev/ppu/lib/gcc/powerpc64-ps3-elf/7.2.0/../../../../powerpc64-ps3-elf/lib/libstdc++.a(new_handler.o)
 .text          0x000000000002a0c4        0x0 /usr/local/ps3dev/ppu/lib/gcc/powerpc64-ps3-elf/7.2.0/../../../../powerpc64-ps3-elf/lib/libstdc++.a(eh_alloc.o)
 *fill*         0x000000000002a0c4        0x4 60000000
 .text._ZN12_GLOBAL__N_14pool4freeEPv.constprop.4
                0x000000000002a0c8      0x11c /usr/local/ps3dev/ppu/lib/gcc/powerpc64-ps3-elf/7.2.0/../../../../powerpc64-ps3-elf/lib/libstdc++.a(eh_alloc.o)
 *fill*         0x000000000002a1e4        0x4 60000000
 .text._ZN12_GLOBAL__N_14pool8allocateEm.constprop.5
                0x000000000002a1e8       0xc0 /usr/local/ps3dev/ppu/lib/gcc/powerpc64-ps3-elf/7.2.0/../../../../powerpc64-ps3-elf/lib/libstdc++.a(eh_alloc.o)
 .text._ZN9__gnu_cxx9__freeresEv
                0x000000000002a2a8       0x50 /usr/local/ps3dev/ppu/lib/gcc/powerpc64-ps3-elf/7.2.0/../../../../powerpc64-ps3-elf/lib/libstdc++.a(eh_alloc.o)
 .text.__cxa_allocate_exception
                0x000000000002a2f8       0x80 /usr/local/ps3dev/ppu/lib/gcc/powerpc64-ps3-elf/7.2.0/../../../../powerpc64-ps3-elf/lib/libstdc++.a(eh_alloc.o)
 .text.__cxa_free_exception
                0x000000000002a378       0x5c /usr/local/ps3dev/ppu/lib/gcc/powerpc64-ps3-elf/7.2.0/../../../../powerpc64-ps3-elf/lib/libstdc++.a(eh_alloc.o)
 *fill*         0x000000000002a3d4        0x4 60000000
 .text.__cxa_allocate_dependent_exception
                0x000000000002a3d8       0x70 /usr/local/ps3dev/ppu/lib/gcc/powerpc64-ps3-elf/7.2.0/../../../../powerpc64-ps3-elf/lib/libstdc++.a(eh_alloc.o)
 .text.__cxa_free_dependent_exception
                0x000000000002a448       0x64 /usr/local/ps3dev/ppu/lib/gcc/powerpc64-ps3-elf/7.2.0/../../../../powerpc64-ps3-elf/lib/libstdc++.a(eh_alloc.o)
 *fill*         0x000000000002a4ac        0x4 60000000
 .text.startup._GLOBAL__sub_I__ZN9__gnu_cxx9__freeresEv
                0x000000000002a4b0       0x78 /usr/local/ps3dev/ppu/lib/gcc/powerpc64-ps3-elf/7.2.0/../../../../powerpc64-ps3-elf/lib/libstdc++.a(eh_alloc.o)
 .text          0x000000000002a528        0x0 /usr/local/ps3dev/ppu/lib/gcc/powerpc64-ps3-elf/7.2.0/../../../../powerpc64-ps3-elf/lib/libstdc++.a(tinfo.o)
 .text._ZNSt9type_infoD2Ev
                0x000000000002a528       0x10 /usr/local/ps3dev/ppu/lib/gcc/powerpc64-ps3-elf/7.2.0/../../../../powerpc64-ps3-elf/lib/libstdc++.a(tinfo.o)
 .text._ZNKSt9type_info14__is_pointer_pEv
                0x000000000002a538       0x14 /usr/local/ps3dev/ppu/lib/gcc/powerpc64-ps3-elf/7.2.0/../../../../powerpc64-ps3-elf/lib/libstdc++.a(tinfo.o)
 *fill*         0x000000000002a54c        0x4 60000000
 .text._ZNKSt9type_info11__do_upcastEPKN10__cxxabiv117__class_type_infoEPPv
                0x000000000002a550       0x14 /usr/local/ps3dev/ppu/lib/gcc/powerpc64-ps3-elf/7.2.0/../../../../powerpc64-ps3-elf/lib/libstdc++.a(tinfo.o)
 *fill*         0x000000000002a564        0x4 60000000
 .text._ZNSt9type_infoD0Ev
                0x000000000002a568       0x34 /usr/local/ps3dev/ppu/lib/gcc/powerpc64-ps3-elf/7.2.0/../../../../powerpc64-ps3-elf/lib/libstdc++.a(tinfo.o)
 *fill*         0x000000000002a59c        0x4 60000000
 .text._ZNKSt9type_info10__do_catchEPKS_PPvj
                0x000000000002a5a0       0x64 /usr/local/ps3dev/ppu/lib/gcc/powerpc64-ps3-elf/7.2.0/../../../../powerpc64-ps3-elf/lib/libstdc++.a(tinfo.o)
 .text          0x000000000002a604        0x0 /usr/local/ps3dev/ppu/lib/gcc/powerpc64-ps3-elf/7.2.0/../../../../powerpc64-ps3-elf/lib/libstdc++.a(eh_terminate.o)
 *fill*         0x000000000002a604        0x4 60000000
 .text._ZN10__cxxabiv111__terminateEPFvvE
                0x000000000002a608       0x7c /usr/local/ps3dev/ppu/lib/gcc/powerpc64-ps3-elf/7.2.0/../../../../powerpc64-ps3-elf/lib/libstdc++.a(eh_terminate.o)
 *fill*         0x000000000002a684        0x4 60000000
 .text._ZSt9terminatev
                0x000000000002a688       0x30 /usr/local/ps3dev/ppu/lib/gcc/powerpc64-ps3-elf/7.2.0/../../../../powerpc64-ps3-elf/lib/libstdc++.a(eh_terminate.o)
 .text._ZN10__cxxabiv112__unexpectedEPFvvE
                0x000000000002a6b8       0x38 /usr/local/ps3dev/ppu/lib/gcc/powerpc64-ps3-elf/7.2.0/../../../../powerpc64-ps3-elf/lib/libstdc++.a(eh_terminate.o)
 .text._ZSt10unexpectedv
                0x000000000002a6f0       0x30 /usr/local/ps3dev/ppu/lib/gcc/powerpc64-ps3-elf/7.2.0/../../../../powerpc64-ps3-elf/lib/libstdc++.a(eh_terminate.o)
 .text._ZSt13set_terminatePFvvE
                0x000000000002a720       0x2c /usr/local/ps3dev/ppu/lib/gcc/powerpc64-ps3-elf/7.2.0/../../../../powerpc64-ps3-elf/lib/libstdc++.a(eh_terminate.o)
 *fill*         0x000000000002a74c        0x4 60000000
 .text._ZSt13get_terminatev
                0x000000000002a750       0x24 /usr/local/ps3dev/ppu/lib/gcc/powerpc64-ps3-elf/7.2.0/../../../../powerpc64-ps3-elf/lib/libstdc++.a(eh_terminate.o)
 *fill*         0x000000000002a774        0x4 60000000
 .text._ZSt14set_unexpectedPFvvE
                0x000000000002a778       0x2c /usr/local/ps3dev/ppu/lib/gcc/powerpc64-ps3-elf/7.2.0/../../../../powerpc64-ps3-elf/lib/libstdc++.a(eh_terminate.o)
 *fill*         0x000000000002a7a4        0x4 60000000
 .text._ZSt14get_unexpectedv
                0x000000000002a7a8       0x24 /usr/local/ps3dev/ppu/lib/gcc/powerpc64-ps3-elf/7.2.0/../../../../powerpc64-ps3-elf/lib/libstdc++.a(eh_terminate.o)
 .text          0x000000000002a7cc        0x0 /usr/local/ps3dev/ppu/lib/gcc/powerpc64-ps3-elf/7.2.0/../../../../powerpc64-ps3-elf/lib/libstdc++.a(pure.o)
 *fill*         0x000000000002a7cc        0x4 60000000
 .text.__cxa_pure_virtual
                0x000000000002a7d0       0x34 /usr/local/ps3dev/ppu/lib/gcc/powerpc64-ps3-elf/7.2.0/../../../../powerpc64-ps3-elf/lib/libstdc++.a(pure.o)
 *fill*         0x000000000002a804        0x4 60000000
 .text.__cxa_deleted_virtual
                0x000000000002a808       0x34 /usr/local/ps3dev/ppu/lib/gcc/powerpc64-ps3-elf/7.2.0/../../../../powerpc64-ps3-elf/lib/libstdc++.a(pure.o)
 .text          0x000000000002a83c        0x0 /usr/local/ps3dev/ppu/lib/gcc/powerpc64-ps3-elf/7.2.0/../../../../powerpc64-ps3-elf/lib/libstdc++.a(eh_unex_handler.o)
 .text          0x000000000002a83c        0x0 /usr/local/ps3dev/ppu/lib/gcc/powerpc64-ps3-elf/7.2.0/../../../../powerpc64-ps3-elf/lib/libstdc++.a(del_ops.o)
 *fill*         0x000000000002a83c        0x4 60000000
 .text._ZdlPvm  0x000000000002a840       0x30 /usr/local/ps3dev/ppu/lib/gcc/powerpc64-ps3-elf/7.2.0/../../../../powerpc64-ps3-elf/lib/libstdc++.a(del_ops.o)
 .text          0x000000000002a870        0x0 /usr/local/ps3dev/ppu/lib/gcc/powerpc64-ps3-elf/7.2.0/../../../../powerpc64-ps3-elf/lib/libstdc++.a(eh_term_handler.o)
 .text          0x000000000002a870        0x0 /usr/local/ps3dev/ppu/lib/gcc/powerpc64-ps3-elf/7.2.0/../../../../powerpc64-ps3-elf/lib/libstdc++.a(class_type_info.o)
 .text._ZNK10__cxxabiv117__class_type_info11__do_upcastEPKS0_PPv
                0x000000000002a870       0x98 /usr/local/ps3dev/ppu/lib/gcc/powerpc64-ps3-elf/7.2.0/../../../../powerpc64-ps3-elf/lib/libstdc++.a(class_type_info.o)
 .text._ZNK10__cxxabiv117__class_type_info20__do_find_public_srcElPKvPKS0_S2_